Component: ARM Compiler 5.06 update 7 (build 960) Tool: armlink [4d3601]

==============================================================================

Section Cross References

    startup_stm32f103xe.o(RESET) refers to startup_stm32f103xe.o(STACK) for __initial_sp
    startup_stm32f103xe.o(RESET) refers to startup_stm32f103xe.o(.text) for Reset_Handler
    startup_stm32f103xe.o(RESET) refers to stm32f1xx_it.o(i.NMI_Handler) for NMI_Handler
    startup_stm32f103xe.o(RESET) refers to stm32f1xx_it.o(i.HardFault_Handler) for HardFault_Handler
    startup_stm32f103xe.o(RESET) refers to stm32f1xx_it.o(i.MemManage_Handler) for MemManage_Handler
    startup_stm32f103xe.o(RESET) refers to stm32f1xx_it.o(i.BusFault_Handler) for BusFault_Handler
    startup_stm32f103xe.o(RESET) refers to stm32f1xx_it.o(i.UsageFault_Handler) for UsageFault_Handler
    startup_stm32f103xe.o(RESET) refers to stm32f1xx_it.o(i.SVC_Handler) for SVC_Handler
    startup_stm32f103xe.o(RESET) refers to stm32f1xx_it.o(i.DebugMon_Handler) for DebugMon_Handler
    startup_stm32f103xe.o(RESET) refers to stm32f1xx_it.o(i.PendSV_Handler) for PendSV_Handler
    startup_stm32f103xe.o(RESET) refers to stm32f1xx_it.o(i.SysTick_Handler) for SysTick_Handler
    startup_stm32f103xe.o(.text) refers to system_stm32f1xx.o(i.SystemInit) for SystemInit
    startup_stm32f103xe.o(.text) refers to entry.o(.ARM.Collect$$$$00000000) for __main
    main.o(i.SystemClock_Config) refers to memseta.o(.text) for __aeabi_memclr4
    main.o(i.SystemClock_Config) refers to stm32f1xx_hal_rcc.o(i.HAL_RCC_OscConfig) for HAL_RCC_OscConfig
    main.o(i.SystemClock_Config) refers to main.o(i.Error_Handler) for Error_Handler
    main.o(i.SystemClock_Config) refers to stm32f1xx_hal_rcc.o(i.HAL_RCC_ClockConfig) for HAL_RCC_ClockConfig
    main.o(i.main) refers to stm32f1xx_hal.o(i.HAL_Init) for HAL_Init
    main.o(i.main) refers to main.o(i.SystemClock_Config) for SystemClock_Config
    main.o(i.main) refers to gpio.o(i.MX_GPIO_Init) for MX_GPIO_Init
    main.o(i.main) refers to tim.o(i.MX_TIM3_Init) for MX_TIM3_Init
    main.o(i.main) refers to usart.o(i.MX_USART1_UART_Init) for MX_USART1_UART_Init
    main.o(i.main) refers to guislim.o(i.GUI_Init) for GUI_Init
    main.o(i.main) refers to guislim.o(i.GUI_SetFont) for GUI_SetFont
    main.o(i.main) refers to f2d.o(.text) for __aeabi_f2d
    main.o(i.main) refers to printfa.o(i.__0sprintf) for __2sprintf
    main.o(i.main) refers to guislim.o(i.GUI_ClearRect) for GUI_ClearRect
    main.o(i.main) refers to guislim.o(i.GUI_DispStringAt) for GUI_DispStringAt
    main.o(i.main) refers to guislim.o(i.GUI_Update) for GUI_Update
    main.o(i.main) refers to stm32f1xx_hal.o(i.HAL_Delay) for HAL_Delay
    main.o(i.main) refers to f08_ascii.o(.constdata) for GUI_Font8_ASCII
    main.o(i.main) refers to main.o(.data) for Average_HR
    gpio.o(i.MX_GPIO_Init) refers to stm32f1xx_hal_gpio.o(i.HAL_GPIO_WritePin) for HAL_GPIO_WritePin
    gpio.o(i.MX_GPIO_Init) refers to stm32f1xx_hal_gpio.o(i.HAL_GPIO_Init) for HAL_GPIO_Init
    tim.o(i.MX_TIM3_Init) refers to stm32f1xx_hal_tim.o(i.HAL_TIM_Base_Init) for HAL_TIM_Base_Init
    tim.o(i.MX_TIM3_Init) refers to main.o(i.Error_Handler) for Error_Handler
    tim.o(i.MX_TIM3_Init) refers to stm32f1xx_hal_tim.o(i.HAL_TIM_ConfigClockSource) for HAL_TIM_ConfigClockSource
    tim.o(i.MX_TIM3_Init) refers to stm32f1xx_hal_tim_ex.o(i.HAL_TIMEx_MasterConfigSynchronization) for HAL_TIMEx_MasterConfigSynchronization
    tim.o(i.MX_TIM3_Init) refers to tim.o(.bss) for htim3
    usart.o(i.HAL_UART_MspDeInit) refers to stm32f1xx_hal_gpio.o(i.HAL_GPIO_DeInit) for HAL_GPIO_DeInit
    usart.o(i.HAL_UART_MspInit) refers to stm32f1xx_hal_gpio.o(i.HAL_GPIO_Init) for HAL_GPIO_Init
    usart.o(i.MX_USART1_UART_Init) refers to stm32f1xx_hal_uart.o(i.HAL_UART_Init) for HAL_UART_Init
    usart.o(i.MX_USART1_UART_Init) refers to main.o(i.Error_Handler) for Error_Handler
    usart.o(i.MX_USART1_UART_Init) refers to usart.o(.bss) for huart1
    usart.o(i.fgetc) refers to stm32f1xx_hal_uart.o(i.HAL_UART_Receive) for HAL_UART_Receive
    usart.o(i.fgetc) refers to usart.o(.bss) for huart1
    usart.o(i.fputc) refers to stm32f1xx_hal_uart.o(i.HAL_UART_Transmit) for HAL_UART_Transmit
    usart.o(i.fputc) refers to usart.o(.bss) for huart1
    stm32f1xx_it.o(i.SysTick_Handler) refers to stm32f1xx_hal.o(i.HAL_IncTick) for HAL_IncTick
    stm32f1xx_hal_tim.o(i.HAL_TIM_Base_DeInit) refers to tim.o(i.HAL_TIM_Base_MspDeInit) for HAL_TIM_Base_MspDeInit
    stm32f1xx_hal_tim.o(i.HAL_TIM_Base_Init) refers to tim.o(i.HAL_TIM_Base_MspInit) for HAL_TIM_Base_MspInit
    stm32f1xx_hal_tim.o(i.HAL_TIM_Base_Init) refers to stm32f1xx_hal_tim.o(i.TIM_Base_SetConfig) for TIM_Base_SetConfig
    stm32f1xx_hal_tim.o(i.HAL_TIM_Base_Start_DMA) refers to stm32f1xx_hal_dma.o(i.HAL_DMA_Start_IT) for HAL_DMA_Start_IT
    stm32f1xx_hal_tim.o(i.HAL_TIM_Base_Start_DMA) refers to stm32f1xx_hal_tim.o(i.TIM_DMAPeriodElapsedCplt) for TIM_DMAPeriodElapsedCplt
[...]
    Removing stm32f1xx_hal_rcc_ex.o(.rev16_text), (4 bytes).
    Removing stm32f1xx_hal_rcc_ex.o(.revsh_text), (4 bytes).
    Removing stm32f1xx_hal_rcc_ex.o(.rrx_text), (6 bytes).
    Removing stm32f1xx_hal_rcc_ex.o(i.HAL_RCCEx_GetPeriphCLKConfig), (84 bytes).
    Removing stm32f1xx_hal_rcc_ex.o(i.HAL_RCCEx_GetPeriphCLKFreq), (280 bytes).
    Removing stm32f1xx_hal_rcc_ex.o(i.HAL_RCCEx_PeriphCLKConfig), (304 bytes).
    Removing stm32f1xx_hal_rcc_ex.o(.constdata), (18 bytes).
    Removing stm32f1xx_hal_gpio.o(.rev16_text), (4 bytes).
    Removing stm32f1xx_hal_gpio.o(.revsh_text), (4 bytes).
    Removing stm32f1xx_hal_gpio.o(.rrx_text), (6 bytes).
    Removing stm32f1xx_hal_gpio.o(i.HAL_GPIO_DeInit), (340 bytes).
    Removing stm32f1xx_hal_gpio.o(i.HAL_GPIO_EXTI_Callback), (2 bytes).
    Removing stm32f1xx_hal_gpio.o(i.HAL_GPIO_EXTI_IRQHandler), (28 bytes).
    Removing stm32f1xx_hal_gpio.o(i.HAL_GPIO_LockPin), (46 bytes).
    Removing stm32f1xx_hal_gpio.o(i.HAL_GPIO_ReadPin), (16 bytes).
    Removing stm32f1xx_hal_gpio.o(i.HAL_GPIO_TogglePin), (20 bytes).
    Removing stm32f1xx_hal_dma.o(.rev16_text), (4 bytes).
    Removing stm32f1xx_hal_dma.o(.revsh_text), (4 bytes).
    Removing stm32f1xx_hal_dma.o(.rrx_text), (6 bytes).
    Removing stm32f1xx_hal_dma.o(i.DMA_SetConfig), (44 bytes).
    Removing stm32f1xx_hal_dma.o(i.HAL_DMA_Abort), (86 bytes).
    Removing stm32f1xx_hal_dma.o(i.HAL_DMA_Abort_IT), (424 bytes).
    Removing stm32f1xx_hal_dma.o(i.HAL_DMA_DeInit), (140 bytes).
    Removing stm32f1xx_hal_dma.o(i.HAL_DMA_GetError), (6 bytes).
    Removing stm32f1xx_hal_dma.o(i.HAL_DMA_GetState), (8 bytes).
    Removing stm32f1xx_hal_dma.o(i.HAL_DMA_IRQHandler), (920 bytes).
    Removing stm32f1xx_hal_dma.o(i.HAL_DMA_Init), (140 bytes).
    Removing stm32f1xx_hal_dma.o(i.HAL_DMA_PollForTransfer), (1620 bytes).
    Removing stm32f1xx_hal_dma.o(i.HAL_DMA_RegisterCallback), (90 bytes).
    Removing stm32f1xx_hal_dma.o(i.HAL_DMA_Start), (114 bytes).
    Removing stm32f1xx_hal_dma.o(i.HAL_DMA_Start_IT), (156 bytes).
    Removing stm32f1xx_hal_dma.o(i.HAL_DMA_UnRegisterCallback), (106 bytes).
    Removing stm32f1xx_hal_cortex.o(.rev16_text), (4 bytes).
    Removing stm32f1xx_hal_cortex.o(.revsh_text), (4 bytes).
    Removing stm32f1xx_hal_cortex.o(.rrx_text), (6 bytes).
    Removing stm32f1xx_hal_cortex.o(i.HAL_NVIC_ClearPendingIRQ), (36 bytes).
    Removing stm32f1xx_hal_cortex.o(i.HAL_NVIC_DisableIRQ), (68 bytes).
    Removing stm32f1xx_hal_cortex.o(i.HAL_NVIC_EnableIRQ), (32 bytes).
    Removing stm32f1xx_hal_cortex.o(i.HAL_NVIC_GetActive), (48 bytes).
    Removing stm32f1xx_hal_cortex.o(i.HAL_NVIC_GetPendingIRQ), (48 bytes).
    Removing stm32f1xx_hal_cortex.o(i.HAL_NVIC_GetPriority), (148 bytes).
    Removing stm32f1xx_hal_cortex.o(i.HAL_NVIC_GetPriorityGrouping), (8 bytes).
    Removing stm32f1xx_hal_cortex.o(i.HAL_NVIC_SetPendingIRQ), (36 bytes).
    Removing stm32f1xx_hal_cortex.o(i.HAL_NVIC_SystemReset), (68 bytes).
    Removing stm32f1xx_hal_cortex.o(i.HAL_SYSTICK_CLKSourceConfig), (40 bytes).
    Removing stm32f1xx_hal_cortex.o(i.HAL_SYSTICK_Callback), (2 bytes).
    Removing stm32f1xx_hal_cortex.o(i.HAL_SYSTICK_IRQHandler), (8 bytes).
    Removing stm32f1xx_hal_pwr.o(.rev16_text), (4 bytes).
    Removing stm32f1xx_hal_pwr.o(.revsh_text), (4 bytes).
    Removing stm32f1xx_hal_pwr.o(.rrx_text), (6 bytes).
    Removing stm32f1xx_hal_pwr.o(i.HAL_PWR_ConfigPVD), (180 bytes).
    Removing stm32f1xx_hal_pwr.o(i.HAL_PWR_DeInit), (28 bytes).
    Removing stm32f1xx_hal_pwr.o(i.HAL_PWR_DisableBkUpAccess), (12 bytes).
    Removing stm32f1xx_hal_pwr.o(i.HAL_PWR_DisablePVD), (12 bytes).
    Removing stm32f1xx_hal_pwr.o(i.HAL_PWR_DisableSEVOnPend), (20 bytes).
    Removing stm32f1xx_hal_pwr.o(i.HAL_PWR_DisableSleepOnExit), (20 bytes).
    Removing stm32f1xx_hal_pwr.o(i.HAL_PWR_DisableWakeUpPin), (28 bytes).
    Removing stm32f1xx_hal_pwr.o(i.HAL_PWR_EnableBkUpAccess), (12 bytes).
    Removing stm32f1xx_hal_pwr.o(i.HAL_PWR_EnablePVD), (12 bytes).
    Removing stm32f1xx_hal_pwr.o(i.HAL_PWR_EnableSEVOnPend), (20 bytes).
    Removing stm32f1xx_hal_pwr.o(i.HAL_PWR_EnableSleepOnExit), (20 bytes).
    Removing stm32f1xx_hal_pwr.o(i.HAL_PWR_EnableWakeUpPin), (28 bytes).
    Removing stm32f1xx_hal_pwr.o(i.HAL_PWR_EnterSLEEPMode), (32 bytes).
    Removing stm32f1xx_hal_pwr.o(i.HAL_PWR_EnterSTANDBYMode), (40 bytes).
    Removing stm32f1xx_hal_pwr.o(i.HAL_PWR_EnterSTOPMode), (84 bytes).
    Removing stm32f1xx_hal_pwr.o(i.HAL_PWR_PVDCallback), (2 bytes).
    Removing stm32f1xx_hal_pwr.o(i.HAL_PWR_PVD_IRQHandler), (32 bytes).
    Removing stm32f1xx_hal_pwr.o(i.PWR_OverloadWfe), (6 bytes).
    Removing stm32f1xx_hal_flash.o(.rev16_text), (4 bytes).
    Removing stm32f1xx_hal_flash.o(.revsh_text), (4 bytes).
    Removing stm32f1xx_hal_flash.o(.rrx_text), (6 bytes).
    Removing stm32f1xx_hal_flash.o(i.FLASH_Program_HalfWord), (32 bytes).
    Removing stm32f1xx_hal_flash.o(i.FLASH_SetErrorCode), (132 bytes).
    Removing stm32f1xx_hal_flash.o(i.FLASH_WaitForLastOperation), (112 bytes).
    Removing stm32f1xx_hal_flash.o(i.HAL_FLASH_EndOfOperationCallback), (2 bytes).
    Removing stm32f1xx_hal_flash.o(i.HAL_FLASH_GetError), (12 bytes).
    Removing stm32f1xx_hal_flash.o(i.HAL_FLASH_IRQHandler), (384 bytes).
    Removing stm32f1xx_hal_flash.o(i.HAL_FLASH_Lock), (20 bytes).
    Removing stm32f1xx_hal_flash.o(i.HAL_FLASH_OB_Launch), (8 bytes).
    Removing stm32f1xx_hal_flash.o(i.HAL_FLASH_OB_Lock), (20 bytes).
    Removing stm32f1xx_hal_flash.o(i.HAL_FLASH_OB_Unlock), (44 bytes).
    Removing stm32f1xx_hal_flash.o(i.HAL_FLASH_OperationErrorCallback), (2 bytes).
    Removing stm32f1xx_hal_flash.o(i.HAL_FLASH_Program), (176 bytes).
    Removing stm32f1xx_hal_flash.o(i.HAL_FLASH_Program_IT), (124 bytes).
    Removing stm32f1xx_hal_flash.o(i.HAL_FLASH_Unlock), (48 bytes).
    Removing stm32f1xx_hal_flash.o(.bss), (32 bytes).
    Removing stm32f1xx_hal_flash_ex.o(.rev16_text), (4 bytes).
    Removing stm32f1xx_hal_flash_ex.o(.revsh_text), (4 bytes).
    Removing stm32f1xx_hal_flash_ex.o(.rrx_text), (6 bytes).
    Removing stm32f1xx_hal_flash_ex.o(i.FLASH_MassErase), (40 bytes).
    Removing stm32f1xx_hal_flash_ex.o(i.FLASH_OB_DisableWRP), (232 bytes).
    Removing stm32f1xx_hal_flash_ex.o(i.FLASH_OB_EnableWRP), (236 bytes).
    Removing stm32f1xx_hal_flash_ex.o(i.FLASH_OB_GetRDP), (28 bytes).
    Removing stm32f1xx_hal_flash_ex.o(i.FLASH_OB_GetUser), (16 bytes).
    Removing stm32f1xx_hal_flash_ex.o(i.FLASH_OB_GetWRP), (12 bytes).
    Removing stm32f1xx_hal_flash_ex.o(i.FLASH_OB_ProgramData), (76 bytes).
    Removing stm32f1xx_hal_flash_ex.o(i.FLASH_OB_RDP_LevelConfig), (124 bytes).
    Removing stm32f1xx_hal_flash_ex.o(i.FLASH_OB_UserConfig), (84 bytes).
    Removing stm32f1xx_hal_flash_ex.o(i.FLASH_PageErase), (40 bytes).
    Removing stm32f1xx_hal_flash_ex.o(i.HAL_FLASHEx_Erase), (176 bytes).
    Removing stm32f1xx_hal_flash_ex.o(i.HAL_FLASHEx_Erase_IT), (100 bytes).
    Removing stm32f1xx_hal_flash_ex.o(i.HAL_FLASHEx_OBErase), (96 bytes).
    Removing stm32f1xx_hal_flash_ex.o(i.HAL_FLASHEx_OBGetConfig), (28 bytes).
    Removing stm32f1xx_hal_flash_ex.o(i.HAL_FLASHEx_OBGetUserData), (40 bytes).
    Removing stm32f1xx_hal_flash_ex.o(i.HAL_FLASHEx_OBProgram), (200 bytes).
    Removing stm32f1xx_hal_exti.o(.rev16_text), (4 bytes).
    Removing stm32f1xx_hal_exti.o(.revsh_text), (4 bytes).
    Removing stm32f1xx_hal_exti.o(.rrx_text), (6 bytes).
    Removing stm32f1xx_hal_exti.o(i.HAL_EXTI_ClearConfigLine), (120 bytes).
    Removing stm32f1xx_hal_exti.o(i.HAL_EXTI_ClearPending), (28 bytes).
    Removing stm32f1xx_hal_exti.o(i.HAL_EXTI_GenerateSWI), (24 bytes).
    Removing stm32f1xx_hal_exti.o(i.HAL_EXTI_GetConfigLine), (156 bytes).
    Removing stm32f1xx_hal_exti.o(i.HAL_EXTI_GetHandle), (14 bytes).
    Removing stm32f1xx_hal_exti.o(i.HAL_EXTI_GetPending), (36 bytes).
    Removing stm32f1xx_hal_exti.o(i.HAL_EXTI_IRQHandler), (44 bytes).
    Removing stm32f1xx_hal_exti.o(i.HAL_EXTI_RegisterCallback), (20 bytes).
    Removing stm32f1xx_hal_exti.o(i.HAL_EXTI_SetConfigLine), (240 bytes).
    Removing stm32f1xx_hal_uart.o(.rev16_text), (4 bytes).
    Removing stm32f1xx_hal_uart.o(.revsh_text), (4 bytes).
    Removing stm32f1xx_hal_uart.o(.rrx_text), (6 bytes).
    Removing stm32f1xx_hal_uart.o(i.HAL_HalfDuplex_EnableReceiver), (68 bytes).
    Removing stm32f1xx_hal_uart.o(i.HAL_HalfDuplex_EnableTransmitter), (68 bytes).
    Removing stm32f1xx_hal_uart.o(i.HAL_HalfDuplex_Init), (122 bytes).
    Removing stm32f1xx_hal_uart.o(i.HAL_LIN_Init), (146 bytes).
    Removing stm32f1xx_hal_uart.o(i.HAL_LIN_SendBreak), (80 bytes).
    Removing stm32f1xx_hal_uart.o(i.HAL_MultiProcessor_EnterMuteMode), (82 bytes).
    Removing stm32f1xx_hal_uart.o(i.HAL_MultiProcessor_ExitMuteMode), (82 bytes).
    Removing stm32f1xx_hal_uart.o(i.HAL_MultiProcessor_Init), (158 bytes).
    Removing stm32f1xx_hal_uart.o(i.HAL_UARTEx_GetRxEventType), (6 bytes).
    Removing stm32f1xx_hal_uart.o(i.HAL_UARTEx_ReceiveToIdle), (296 bytes).
    Removing stm32f1xx_hal_uart.o(i.HAL_UARTEx_ReceiveToIdle_DMA), (114 bytes).
    Removing stm32f1xx_hal_uart.o(i.HAL_UARTEx_ReceiveToIdle_IT), (114 bytes).
    Removing stm32f1xx_hal_uart.o(i.HAL_UARTEx_RxEventCallback), (2 bytes).
    Removing stm32f1xx_hal_uart.o(i.HAL_UART_Abort), (278 bytes).
    Removing stm32f1xx_hal_uart.o(i.HAL_UART_AbortCpltCallback), (2 bytes).
    Removing stm32f1xx_hal_uart.o(i.HAL_UART_AbortReceive), (194 bytes).
    Removing stm32f1xx_hal_uart.o(i.HAL_UART_AbortReceiveCpltCallback), (2 bytes).
    Removing stm32f1xx_hal_uart.o(i.HAL_UART_AbortReceive_IT), (216 bytes).
    Removing stm32f1xx_hal_uart.o(i.HAL_UART_AbortTransmit), (124 bytes).
    Removing stm32f1xx_hal_uart.o(i.HAL_UART_AbortTransmitCpltCallback), (2 bytes).
    Removing stm32f1xx_hal_uart.o(i.HAL_UART_AbortTransmit_IT), (144 bytes).
    Removing stm32f1xx_hal_uart.o(i.HAL_UART_Abort_IT), (328 bytes).
    Removing stm32f1xx_hal_uart.o(i.HAL_UART_DMAPause), (166 bytes).
    Removing stm32f1xx_hal_uart.o(i.HAL_UART_DMAResume), (170 bytes).
    Removing stm32f1xx_hal_uart.o(i.HAL_UART_DMAStop), (138 bytes).
    Removing stm32f1xx_hal_uart.o(i.HAL_UART_DeInit), (62 bytes).
    Removing stm32f1xx_hal_uart.o(i.HAL_UART_ErrorCallback), (2 bytes).
    Removing stm32f1xx_hal_uart.o(i.HAL_UART_GetError), (6 bytes).
    Removing stm32f1xx_hal_uart.o(i.HAL_UART_GetState), (20 bytes).
    Removing stm32f1xx_hal_uart.o(i.HAL_UART_IRQHandler), (740 bytes).
    Removing stm32f1xx_hal_uart.o(i.HAL_UART_MspDeInit), (2 bytes).
    Removing stm32f1xx_hal_uart.o(i.HAL_UART_MspInit), (2 bytes).
    Removing stm32f1xx_hal_uart.o(i.HAL_UART_Receive), (188 bytes).
    Removing stm32f1xx_hal_uart.o(i.HAL_UART_Receive_DMA), (44 bytes).
    Removing stm32f1xx_hal_uart.o(i.HAL_UART_Receive_IT), (44 bytes).
    Removing stm32f1xx_hal_uart.o(i.HAL_UART_RxCpltCallback), (2 bytes).
    Removing stm32f1xx_hal_uart.o(i.HAL_UART_RxHalfCpltCallback), (2 bytes).
    Removing stm32f1xx_hal_uart.o(i.HAL_UART_Transmit), (178 bytes).
    Removing stm32f1xx_hal_uart.o(i.HAL_UART_Transmit_DMA), (140 bytes).
    Removing stm32f1xx_hal_uart.o(i.HAL_UART_Transmit_IT), (56 bytes).
    Removing stm32f1xx_hal_uart.o(i.HAL_UART_TxCpltCallback), (2 bytes).
    Removing stm32f1xx_hal_uart.o(i.HAL_UART_TxHalfCpltCallback), (2 bytes).
    Removing stm32f1xx_hal_uart.o(i.UART_DMAAbortOnError), (20 bytes).
    Removing stm32f1xx_hal_uart.o(i.UART_DMAError), (80 bytes).
    Removing stm32f1xx_hal_uart.o(i.UART_DMAReceiveCplt), (180 bytes).
    Removing stm32f1xx_hal_uart.o(i.UART_DMARxAbortCallback), (56 bytes).
    Removing stm32f1xx_hal_uart.o(i.UART_DMARxHalfCplt), (36 bytes).
    Removing stm32f1xx_hal_uart.o(i.UART_DMARxOnlyAbortCallback), (28 bytes).
    Removing stm32f1xx_hal_uart.o(i.UART_DMATransmitCplt), (88 bytes).
    Removing stm32f1xx_hal_uart.o(i.UART_DMATxAbortCallback), (56 bytes).
    Removing stm32f1xx_hal_uart.o(i.UART_DMATxHalfCplt), (14 bytes).
    Removing stm32f1xx_hal_uart.o(i.UART_DMATxOnlyAbortCallback), (24 bytes).
    Removing stm32f1xx_hal_uart.o(i.UART_EndRxTransfer), (108 bytes).
    Removing stm32f1xx_hal_uart.o(i.UART_EndTransmit_IT), (32 bytes).
    Removing stm32f1xx_hal_uart.o(i.UART_EndTxTransfer), (38 bytes).
    Removing stm32f1xx_hal_uart.o(i.UART_Receive_IT), (252 bytes).
    Removing stm32f1xx_hal_uart.o(i.UART_Start_Receive_DMA), (200 bytes).
    Removing stm32f1xx_hal_uart.o(i.UART_Start_Receive_IT), (64 bytes).
    Removing stm32f1xx_hal_uart.o(i.UART_Transmit_IT), (96 bytes).
    Removing stm32f1xx_hal_uart.o(i.UART_WaitOnFlagUntilTimeout), (146 bytes).
    Removing system_stm32f1xx.o(.rev16_text), (4 bytes).
    Removing system_stm32f1xx.o(.revsh_text), (4 bytes).
    Removing system_stm32f1xx.o(.rrx_text), (6 bytes).
    Removing system_stm32f1xx.o(i.SystemCoreClockUpdate), (164 bytes).
    Removing guislim.o(.rev16_text), (4 bytes).
    Removing guislim.o(.revsh_text), (4 bytes).
    Removing guislim.o(.rrx_text), (6 bytes).
    Removing guislim.o(i.Draw8Point), (82 bytes).
    Removing guislim.o(i.GL_DrawBitmap), (30 bytes).
    Removing guislim.o(i.GL_DrawCircle), (104 bytes).
    Removing guislim.o(i.GL_DrawEllipse), (328 bytes).
    Removing guislim.o(i.GL_FillCircle), (138 bytes).
    Removing guislim.o(i.GL_FillEllipse), (146 bytes).
    Removing guislim.o(i.GUI_Clear), (36 bytes).
    Removing guislim.o(i.GUI_DispCEOL), (48 bytes).
    Removing guislim.o(i.GUI_DispChar), (12 bytes).
    Removing guislim.o(i.GUI_DispCharAt), (28 bytes).
    Removing guislim.o(i.GUI_DispStringHCenterAt), (52 bytes).
    Removing guislim.o(i.GUI_DispStringInRect), (24 bytes).
    Removing guislim.o(i.GUI_DispStringInRectMax), (68 bytes).
    Removing guislim.o(i.GUI_DispStringLen), (44 bytes).
    Removing guislim.o(i.GUI_DrawBitmap), (20 bytes).
    Removing guislim.o(i.GUI_DrawCircle), (20 bytes).
    Removing guislim.o(i.GUI_DrawEllipse), (28 bytes).
    Removing guislim.o(i.GUI_DrawHLine), (20 bytes).
    Removing guislim.o(i.GUI_DrawLine), (36 bytes).
    Removing guislim.o(i.GUI_DrawPixel), (16 bytes).
    Removing guislim.o(i.GUI_DrawPoint), (76 bytes).
    Removing guislim.o(i.GUI_DrawRect), (28 bytes).
    Removing guislim.o(i.GUI_DrawVLine), (20 bytes).
    Removing guislim.o(i.GUI_FillCircle), (20 bytes).
    Removing guislim.o(i.GUI_FillEllipse), (28 bytes).
    Removing guislim.o(i.GUI_FillRect), (36 bytes).
    Removing guislim.o(i.GUI_GetClientRect), (34 bytes).
    Removing guislim.o(i.GUI_GetColor), (12 bytes).
    Removing guislim.o(i.GUI_GetDispPosX), (12 bytes).
    Removing guislim.o(i.GUI_GetDispPosY), (12 bytes).
    Removing guislim.o(i.GUI_GetFont), (12 bytes).
    Removing guislim.o(i.GUI_GetFontInfo), (28 bytes).
    Removing guislim.o(i.GUI_GetFontSizeY), (12 bytes).
    Removing guislim.o(i.GUI_GetStringDistX), (22 bytes).
    Removing guislim.o(i.GUI_GetTextAlign), (12 bytes).
    Removing guislim.o(i.GUI_GetTextExtend), (132 bytes).
    Removing guislim.o(i.GUI_GetXSize), (8 bytes).
    Removing guislim.o(i.GUI_GetYDistOfFont), (6 bytes).
    Removing guislim.o(i.GUI_GetYSize), (8 bytes).
    Removing guislim.o(i.GUI_GetYSizeOfFont), (6 bytes).
    Removing guislim.o(i.GUI_GotoX), (16 bytes).
    Removing guislim.o(i.GUI_GotoXY), (26 bytes).
    Removing guislim.o(i.GUI_GotoY), (16 bytes).
    Removing guislim.o(i.GUI_IsInFont), (28 bytes).
    Removing guislim.o(i.GUI_SetColor), (20 bytes).
    Removing guislim.o(i.GUI_SetTextAlign), (20 bytes).
    Removing guislim.o(i.GUI_UC_GetCharCode), (16 bytes).
    Removing guislim.o(i.GUI_UC_GetCharSize), (16 bytes).
    Removing guislim.o(i.GUI_UC__GetCharCodeInc), (28 bytes).
    Removing guislim.o(i.GUI_UC__NumBytes2NumChars), (40 bytes).
    Removing guislim.o(i.GUI__DispStringInRect), (380 bytes).
    Removing guislim.o(i.GUI__HandleEOLine), (24 bytes).
    Removing guislim.o(i.GUI__IntersectRects), (136 bytes).
    Removing guislim.o(i.GUI__strlen), (22 bytes).
    Removing guislim.o(i.LCD_DrawHLine), (96 bytes).
    Removing guislim.o(i.LCD_DrawPixel), (76 bytes).
    Removing guislim.o(i.LCD_DrawVLine), (96 bytes).
    Removing guislim.o(i.LCD_GetRect), (32 bytes).
    Removing guislim.o(i.LCD_SetClipRectEx), (28 bytes).
    Removing guislim.o(i._DrawRect), (56 bytes).
    Removing guislim.o(i._GetCharCode), (6 bytes).
    Removing guislim.o(i._GotoX), (16 bytes).
    Removing guislim.o(i._GotoY), (16 bytes).
    Removing ssd1306.o(.rev16_text), (4 bytes).
    Removing ssd1306.o(.revsh_text), (4 bytes).
    Removing ssd1306.o(.rrx_text), (6 bytes).
    Removing ssd1306.o(i.SSD1306_DrawCircle), (260 bytes).
    Removing ssd1306.o(i.SSD1306_DrawFilledCircle), (334 bytes).
    Removing ssd1306.o(i.SSD1306_DrawFilledTriangle), (298 bytes).
    Removing ssd1306.o(i.SSD1306_DrawRectangle), (136 bytes).
    Removing ssd1306.o(i.SSD1306_DrawTriangle), (64 bytes).
    Removing ssd1306.o(i.SSD1306_GotoXY), (12 bytes).
    Removing ssd1306.o(i.SSD1306_OFF), (28 bytes).
    Removing ssd1306.o(i.SSD1306_ON), (28 bytes).
    Removing ssd1306.o(i.SSD1306_ToggleInvert), (52 bytes).
    Removing ssd1306_i2c.o(.rev16_text), (4 bytes).
    Removing ssd1306_i2c.o(.revsh_text), (4 bytes).
    Removing ssd1306_i2c.o(.rrx_text), (6 bytes).
    Removing hello.o(.constdata), (540 bytes).

490 unused section(s) (total 43186 bytes) removed from the image.

==============================================================================

Image Symbol Table

    Local Symbols

    Symbol Name                              Value     Ov Type        Size  Object(Section)

    ../Core/Src/gpio.c                       0x00000000   Number         0  gpio.o ABSOLUTE
    ../Core/Src/main.c                       0x00000000   Number         0  main.o ABSOLUTE
    ../Core/Src/stm32f1xx_hal_msp.c          0x00000000   Number         0  stm32f1xx_hal_msp.o ABSOLUTE
    ../Core/Src/stm32f1xx_it.c               0x00000000   Number         0  stm32f1xx_it.o ABSOLUTE
    ../Core/Src/system_stm32f1xx.c           0x00000000   Number         0  system_stm32f1xx.o ABSOLUTE
    ../Core/Src/tim.c                        0x00000000   Number         0  tim.o ABSOLUTE
    ../Core/Src/usart.c                      0x00000000   Number         0  usart.o ABSOLUTE
    ../Drivers/STM32F1xx_HAL_Driver/Src/stm32f1xx_hal.c 0x00000000   Number         0  stm32f1xx_hal.o ABSOLUTE
    ../Drivers/STM32F1xx_HAL_Driver/Src/stm32f1xx_hal_cortex.c 0x00000000   Number         0  stm32f1xx_hal_cortex.o ABSOLUTE
    ../Drivers/STM32F1xx_HAL_Driver/Src/stm32f1xx_hal_dma.c 0x00000000   Number         0  stm32f1xx_hal_dma.o ABSOLUTE
    ../Drivers/STM32F1xx_HAL_Driver/Src/stm32f1xx_hal_exti.c 0x00000000   Number         0  stm32f1xx_hal_exti.o ABSOLUTE
    ../Drivers/STM32F1xx_HAL_Driver/Src/stm32f1xx_hal_flash.c 0x00000000   Number         0  stm32f1xx_hal_flash.o ABSOLUTE
    ../Drivers/STM32F1xx_HAL_Driver/Src/stm32f1xx_hal_flash_ex.c 0x00000000   Number         0  stm32f1xx_hal_flash_ex.o ABSOLUTE
    ../Drivers/STM32F1xx_HAL_Driver/Src/stm32f1xx_hal_gpio.c 0x00000000   Number         0  stm32f1xx_hal_gpio.o ABSOLUTE
    ../Drivers/STM32F1xx_HAL_Driver/Src/stm32f1xx_hal_gpio_ex.c 0x00000000   Number         0  stm32f1xx_hal_gpio_ex.o ABSOLUTE
    ../Drivers/STM32F1xx_HAL_Driver/Src/stm32f1xx_hal_pwr.c 0x00000000   Number         0  stm32f1xx_hal_pwr.o ABSOLUTE
    ../Drivers/STM32F1xx_HAL_Driver/Src/stm32f1xx_hal_rcc.c 0x00000000   Number         0  stm32f1xx_hal_rcc.o ABSOLUTE
    ../Drivers/STM32F1xx_HAL_Driver/Src/stm32f1xx_hal_rcc_ex.c 0x00000000   Number         0  stm32f1xx_hal_rcc_ex.o ABSOLUTE
    ../Drivers/STM32F1xx_HAL_Driver/Src/stm32f1xx_hal_tim.c 0x00000000   Number         0  stm32f1xx_hal_tim.o ABSOLUTE
    ../Drivers/STM32F1xx_HAL_Driver/Src/stm32f1xx_hal_tim_ex.c 0x00000000   Number         0  stm32f1xx_hal_tim_ex.o ABSOLUTE
    ../Drivers/STM32F1xx_HAL_Driver/Src/stm32f1xx_hal_uart.c 0x00000000   Number         0  stm32f1xx_hal_uart.o ABSOLUTE
    ../clib/microlib/division.c              0x00000000   Number         0  uidiv.o ABSOLUTE
    ../clib/microlib/division.c              0x00000000   Number         0  uldiv.o ABSOLUTE
    ../clib/microlib/init/entry.s            0x00000000   Number         0  entry9a.o ABSOLUTE
    ../clib/microlib/init/entry.s            0x00000000   Number         0  entry8b.o ABSOLUTE
    ../clib/microlib/init/entry.s            0x00000000   Number         0  entry7b.o ABSOLUTE
    ../clib/microlib/init/entry.s            0x00000000   Number         0  entry8a.o ABSOLUTE
    ../clib/microlib/init/entry.s            0x00000000   Number         0  entry7a.o ABSOLUTE
    ../clib/microlib/init/entry.s            0x00000000   Number         0  entry5.o ABSOLUTE
    ../clib/microlib/init/entry.s            0x00000000   Number         0  entry.o ABSOLUTE
    ../clib/microlib/init/entry.s            0x00000000   Number         0  entry10b.o ABSOLUTE
    ../clib/microlib/init/entry.s            0x00000000   Number         0  entry11a.o ABSOLUTE
    ../clib/microlib/init/entry.s            0x00000000   Number         0  entry12a.o ABSOLUTE
    ../clib/microlib/init/entry.s            0x00000000   Number         0  entry2.o ABSOLUTE
    ../clib/microlib/init/entry.s            0x00000000   Number         0  entry11b.o ABSOLUTE
    ../clib/microlib/init/entry.s            0x00000000   Number         0  entry12b.o ABSOLUTE
    ../clib/microlib/init/entry.s            0x00000000   Number         0  entry10a.o ABSOLUTE
    ../clib/microlib/init/entry.s            0x00000000   Number         0  entry9b.o ABSOLUTE
    ../clib/microlib/longlong.c              0x00000000   Number         0  llushr.o ABSOLUTE
    ../clib/microlib/longlong.c              0x00000000   Number         0  llshl.o ABSOLUTE
    ../clib/microlib/longlong.c              0x00000000   Number         0  llsshr.o ABSOLUTE
    ../clib/microlib/printf/printf.c         0x00000000   Number         0  printf2.o ABSOLUTE
    ../clib/microlib/printf/printf.c         0x00000000   Number         0  printf6.o ABSOLUTE
    ../clib/microlib/printf/printf.c         0x00000000   Number         0  printf3.o ABSOLUTE
    ../clib/microlib/printf/printf.c         0x00000000   Number         0  printf1.o ABSOLUTE
    ../clib/microlib/printf/printf.c         0x00000000   Number         0  printf7.o ABSOLUTE
    ../clib/microlib/printf/printf.c         0x00000000   Number         0  printf8.o ABSOLUTE
    ../clib/microlib/printf/printf.c         0x00000000   Number         0  printfa.o ABSOLUTE
    ../clib/microlib/printf/printf.c         0x00000000   Number         0  printf0.o ABSOLUTE
    ../clib/microlib/printf/printf.c         0x00000000   Number         0  printfb.o ABSOLUTE
    ../clib/microlib/printf/printf.c         0x00000000   Number         0  printf5.o ABSOLUTE
    ../clib/microlib/printf/printf.c         0x00000000   Number         0  printf4.o ABSOLUTE
    ../clib/microlib/printf/stubs.s          0x00000000   Number         0  stubs.o ABSOLUTE
    ../clib/microlib/string/memset.c         0x00000000   Number         0  memseta.o ABSOLUTE
    ../clib/microlib/stubs.s                 0x00000000   Number         0  useno.o ABSOLUTE
    ../clib/microlib/stubs.s                 0x00000000   Number         0  iusefp.o ABSOLUTE
    ../fplib/microlib/f2d.c                  0x00000000   Number         0  f2d.o ABSOLUTE
    ../fplib/microlib/fpadd.c                0x00000000   Number         0  dadd.o ABSOLUTE
    ../fplib/microlib/fpdiv.c                0x00000000   Number         0  ddiv.o ABSOLUTE
    ../fplib/microlib/fpepilogue.c           0x00000000   Number         0  depilogue.o ABSOLUTE
    ../fplib/microlib/fpfix.c                0x00000000   Number         0  dfixul.o ABSOLUTE
    ../fplib/microlib/fpmul.c                0x00000000   Number         0  dmul.o ABSOLUTE
    ..\BSP\F08_ASCII.c                       0x00000000   Number         0  f08_ascii.o ABSOLUTE
    ..\BSP\GUISlim.c                         0x00000000   Number         0  guislim.o ABSOLUTE
    ..\BSP\hello.c                           0x00000000   Number         0  hello.o ABSOLUTE
    ..\BSP\ssd1306.c                         0x00000000   Number         0  ssd1306.o ABSOLUTE
    ..\BSP\ssd1306_i2c.c                     0x00000000   Number         0  ssd1306_i2c.o ABSOLUTE
    ..\Core\Src\gpio.c                       0x00000000   Number         0  gpio.o ABSOLUTE
    ..\Core\Src\main.c                       0x00000000   Number         0  main.o ABSOLUTE
    ..\Core\Src\stm32f1xx_hal_msp.c          0x00000000   Number         0  stm32f1xx_hal_msp.o ABSOLUTE
    ..\Core\Src\stm32f1xx_it.c               0x00000000   Number         0  stm32f1xx_it.o ABSOLUTE
    ..\Core\Src\system_stm32f1xx.c           0x00000000   Number         0  system_stm32f1xx.o ABSOLUTE
    ..\Core\Src\tim.c                        0x00000000   Number         0  tim.o ABSOLUTE
    ..\Core\Src\usart.c                      0x00000000   Number         0  usart.o ABSOLUTE
    ..\Drivers\STM32F1xx_HAL_Driver\Src\stm32f1xx_hal.c 0x00000000   Number         0  stm32f1xx_hal.o ABSOLUTE
    ..\Drivers\STM32F1xx_HAL_Driver\Src\stm32f1xx_hal_cortex.c 0x00000000   Number         0  stm32f1xx_hal_cortex.o ABSOLUTE
    ..\Drivers\STM32F1xx_HAL_Driver\Src\stm32f1xx_hal_dma.c 0x00000000   Number         0  stm32f1xx_hal_dma.o ABSOLUTE
    ..\Drivers\STM32F1xx_HAL_Driver\Src\stm32f1xx_hal_exti.c 0x00000000   Number         0  stm32f1xx_hal_exti.o ABSOLUTE
    ..\Drivers\STM32F1xx_HAL_Driver\Src\stm32f1xx_hal_flash.c 0x00000000   Number         0  stm32f1xx_hal_flash.o ABSOLUTE
    ..\Drivers\STM32F1xx_HAL_Driver\Src\stm32f1xx_hal_flash_ex.c 0x00000000   Number         0  stm32f1xx_hal_flash_ex.o ABSOLUTE
    ..\Drivers\STM32F1xx_HAL_Driver\Src\stm32f1xx_hal_gpio.c 0x00000000   Number         0  stm32f1xx_hal_gpio.o ABSOLUTE
    ..\Drivers\STM32F1xx_HAL_Driver\Src\stm32f1xx_hal_gpio_ex.c 0x00000000   Number         0  stm32f1xx_hal_gpio_ex.o ABSOLUTE
    ..\Drivers\STM32F1xx_HAL_Driver\Src\stm32f1xx_hal_pwr.c 0x00000000   Number         0  stm32f1xx_hal_pwr.o ABSOLUTE
    ..\Drivers\STM32F1xx_HAL_Driver\Src\stm32f1xx_hal_rcc.c 0x00000000   Number         0  stm32f1xx_hal_rcc.o ABSOLUTE
    ..\Drivers\STM32F1xx_HAL_Driver\Src\stm32f1xx_hal_rcc_ex.c 0x00000000   Number         0  stm32f1xx_hal_rcc_ex.o ABSOLUTE
    ..\Drivers\STM32F1xx_HAL_Driver\Src\stm32f1xx_hal_tim.c 0x00000000   Number         0  stm32f1xx_hal_tim.o ABSOLUTE
    ..\Drivers\STM32F1xx_HAL_Driver\Src\stm32f1xx_hal_tim_ex.c 0x00000000   Number         0  stm32f1xx_hal_tim_ex.o ABSOLUTE
    ..\Drivers\STM32F1xx_HAL_Driver\Src\stm32f1xx_hal_uart.c 0x00000000   Number         0  stm32f1xx_hal_uart.o ABSOLUTE
    ..\\BSP\\GUISlim.c                       0x00000000   Number         0  guislim.o ABSOLUTE
    ..\\BSP\\ssd1306.c                       0x00000000   Number         0  ssd1306.o ABSOLUTE
    ..\\BSP\\ssd1306_i2c.c                   0x00000000   Number         0  ssd1306_i2c.o ABSOLUTE
    cdrcmple.s                               0x00000000   Number         0  cdrcmple.o ABSOLUTE
    dc.s                                     0x00000000   Number         0  dc.o ABSOLUTE
    handlers.s                               0x00000000   Number         0  handlers.o ABSOLUTE
    init.s                                   0x00000000   Number         0  init.o ABSOLUTE
    startup_stm32f103xe.s                    0x00000000   Number         0  startup_stm32f103xe.o ABSOLUTE
    RESET                                    0x08000000   Section      304  startup_stm32f103xe.o(RESET)
    .ARM.Collect$$$$00000000                 0x08000130   Section        0  entry.o(.ARM.Collect$$$$00000000)
    .ARM.Collect$$$$00000001                 0x08000130   Section        4  entry2.o(.ARM.Collect$$$$00000001)
    .ARM.Collect$$$$00000004                 0x08000134   Section        4  entry5.o(.ARM.Collect$$$$00000004)
    .ARM.Collect$$$$00000008                 0x08000138   Section        0  entry7b.o(.ARM.Collect$$$$00000008)
    .ARM.Collect$$$$0000000A                 0x08000138   Section        0  entry8b.o(.ARM.Collect$$$$0000000A)
    .ARM.Collect$$$$0000000B                 0x08000138   Section        8  entry9a.o(.ARM.Collect$$$$0000000B)
    .ARM.Collect$$$$0000000E                 0x08000140   Section        4  entry12b.o(.ARM.Collect$$$$0000000E)
    .ARM.Collect$$$$0000000F                 0x08000144   Section        0  entry10a.o(.ARM.Collect$$$$0000000F)
    .ARM.Collect$$$$00000011                 0x08000144   Section        0  entry11a.o(.ARM.Collect$$$$00000011)
    .ARM.Collect$$$$00002712                 0x08000144   Section        4  entry2.o(.ARM.Collect$$$$00002712)
    __lit__00000000                          0x08000144   Data           4  entry2.o(.ARM.Collect$$$$00002712)
    .text                                    0x08000148   Section       36  startup_stm32f103xe.o(.text)
    .text                                    0x0800016c   Section        0  llushr.o(.text)
    .text                                    0x0800018c   Section        0  memseta.o(.text)
    .text                                    0x080001b0   Section        0  f2d.o(.text)
    .text                                    0x080001d6   Section        0  uidiv.o(.text)
    .text                                    0x08000202   Section        0  uldiv.o(.text)
    .text                                    0x08000264   Section        0  dadd.o(.text)
    .text                                    0x08000264   Section        0  iusefp.o(.text)
    .text                                    0x080003b2   Section        0  dmul.o(.text)
    .text                                    0x08000496   Section        0  ddiv.o(.text)
    .text                                    0x08000574   Section        0  dfixul.o(.text)
    .text                                    0x080005a4   Section       48  cdrcmple.o(.text)
    .text                                    0x080005d4   Section       36  init.o(.text)
    .text                                    0x080005f8   Section        0  llshl.o(.text)
    .text                                    0x08000616   Section        0  llsshr.o(.text)
    .text                                    0x0800063a   Section        0  depilogue.o(.text)
    i.BusFault_Handler                       0x080006f4   Section        0  stm32f1xx_it.o(i.BusFault_Handler)
    i.DB2SJIS                                0x080006f8   Section        0  guislim.o(i.DB2SJIS)
    DB2SJIS                                  0x080006f9   Thumb Code     8  guislim.o(i.DB2SJIS)
    i.DebugMon_Handler                       0x08000700   Section        0  stm32f1xx_it.o(i.DebugMon_Handler)
    i.DrawBitLine1BPP                        0x08000704   Section        0  guislim.o(i.DrawBitLine1BPP)
    i.Error_Handler                          0x080008cc   Section        0  main.o(i.Error_Handler)
    i.GL_DispChar                            0x080008d4   Section        0  guislim.o(i.GL_DispChar)
    i.GUIPROP_DispChar                       0x080008f8   Section        0  guislim.o(i.GUIPROP_DispChar)
    i.GUIPROP_FindChar                       0x080009d4   Section        0  guislim.o(i.GUIPROP_FindChar)
    GUIPROP_FindChar                         0x080009d5   Thumb Code    26  guislim.o(i.GUIPROP_FindChar)
    i.GUIPROP_GetCharDistX                   0x080009f0   Section        0  guislim.o(i.GUIPROP_GetCharDistX)
    i.GUIPROP_GetFontInfo                    0x08000a20   Section        0  guislim.o(i.GUIPROP_GetFontInfo)
    i.GUIPROP_IsInFont                       0x08000a26   Section        0  guislim.o(i.GUIPROP_IsInFont)
    i.GUI_ClearRect                          0x08000a40   Section        0  guislim.o(i.GUI_ClearRect)
    i.GUI_DispNextLine                       0x08000a5c   Section        0  guislim.o(i.GUI_DispNextLine)
    i.GUI_DispString                         0x08000a74   Section        0  guislim.o(i.GUI_DispString)
    i.GUI_DispStringAt                       0x08000bb4   Section        0  guislim.o(i.GUI_DispStringAt)
    i.GUI_GetCharDistX                       0x08000bd4   Section        0  guislim.o(i.GUI_GetCharDistX)
    i.GUI_GetFontDistY                       0x08000bec   Section        0  guislim.o(i.GUI_GetFontDistY)
    i.GUI_GetYAdjust                         0x08000bf8   Section        0  guislim.o(i.GUI_GetYAdjust)
    i.GUI_Init                               0x08000c40   Section        0  guislim.o(i.GUI_Init)
    i.GUI_SetFont                            0x08000c8c   Section        0  guislim.o(i.GUI_SetFont)
    i.GUI_UC__NumChars2NumBytes              0x08000c9c   Section        0  guislim.o(i.GUI_UC__NumChars2NumBytes)
    i.GUI_Update                             0x08000cc2   Section        0  guislim.o(i.GUI_Update)
    i.GUI__DispLine                          0x08000ccc   Section        0  guislim.o(i.GUI__DispLine)
    i.GUI__GetLineDistX                      0x08000cfc   Section        0  guislim.o(i.GUI__GetLineDistX)
    i.GUI__GetLineNumChars                   0x08000d0c   Section        0  guislim.o(i.GUI__GetLineNumChars)
    i.HAL_Delay                              0x08000d1c   Section        0  stm32f1xx_hal.o(i.HAL_Delay)
    i.HAL_GPIO_Init                          0x08000d44   Section        0  stm32f1xx_hal_gpio.o(i.HAL_GPIO_Init)
    i.HAL_GPIO_WritePin                      0x08001084   Section        0  stm32f1xx_hal_gpio.o(i.HAL_GPIO_WritePin)
    i.HAL_GetTick                            0x08001090   Section        0  stm32f1xx_hal.o(i.HAL_GetTick)
    i.HAL_IncTick                            0x0800109c   Section        0  stm32f1xx_hal.o(i.HAL_IncTick)
    i.HAL_Init                               0x080010b4   Section        0  stm32f1xx_hal.o(i.HAL_Init)
    i.HAL_InitTick                           0x080010dc   Section        0  stm32f1xx_hal.o(i.HAL_InitTick)
    i.HAL_MspInit                            0x08001128   Section        0  stm32f1xx_hal_msp.o(i.HAL_MspInit)
    i.HAL_NVIC_SetPriority                   0x0800117c   Section        0  stm32f1xx_hal_cortex.o(i.HAL_NVIC_SetPriority)
    i.HAL_NVIC_SetPriorityGrouping           0x080011f8   Section        0  stm32f1xx_hal_cortex.o(i.HAL_NVIC_SetPriorityGrouping)
    i.HAL_RCC_ClockConfig                    0x08001220   Section        0  stm32f1xx_hal_rcc.o(i.HAL_RCC_ClockConfig)
    i.HAL_RCC_GetHCLKFreq                    0x080013ac   Section        0  stm32f1xx_hal_rcc.o(i.HAL_RCC_GetHCLKFreq)
    i.HAL_RCC_GetPCLK1Freq                   0x080013b8   Section        0  stm32f1xx_hal_rcc.o(i.HAL_RCC_GetPCLK1Freq)
    i.HAL_RCC_GetPCLK2Freq                   0x080013d8   Section        0  stm32f1xx_hal_rcc.o(i.HAL_RCC_GetPCLK2Freq)
    i.HAL_RCC_GetSysClockFreq                0x080013f8   Section        0  stm32f1xx_hal_rcc.o(i.HAL_RCC_GetSysClockFreq)
    i.HAL_RCC_OscConfig                      0x08001468   Section        0  stm32f1xx_hal_rcc.o(i.HAL_RCC_OscConfig)
    i.HAL_SYSTICK_Config                     0x080018cc   Section        0  stm32f1xx_hal_cortex.o(i.HAL_SYSTICK_Config)
    i.HAL_TIMEx_MasterConfigSynchronization  0x08001900   Section        0  stm32f1xx_hal_tim_ex.o(i.HAL_TIMEx_MasterConfigSynchronization)
    i.HAL_TIM_Base_Init                      0x0800199c   Section        0  stm32f1xx_hal_tim.o(i.HAL_TIM_Base_Init)
    i.HAL_TIM_Base_MspInit                   0x08001a04   Section        0  tim.o(i.HAL_TIM_Base_MspInit)
    i.HAL_TIM_ConfigClockSource              0x08001a34   Section        0  stm32f1xx_hal_tim.o(i.HAL_TIM_ConfigClockSource)
    i.HAL_UART_Init                          0x08001b40   Section        0  stm32f1xx_hal_uart.o(i.HAL_UART_Init)
    i.HAL_UART_MspInit                       0x08001bb8   Section        0  usart.o(i.HAL_UART_MspInit)
    i.HardFault_Handler                      0x08001c40   Section        0  stm32f1xx_it.o(i.HardFault_Handler)
    i.I2C_delay                              0x08001c44   Section        0  ssd1306_i2c.o(i.I2C_delay)
    I2C_delay                                0x08001c45   Thumb Code    22  ssd1306_i2c.o(i.I2C_delay)
    i.LCD_DrawBitmap1BPP                     0x08001c5c   Section        0  guislim.o(i.LCD_DrawBitmap1BPP)
    i.LCD_GetXSize                           0x08001d08   Section        0  guislim.o(i.LCD_GetXSize)
    i.LCD_GetYSize                           0x08001d0c   Section        0  guislim.o(i.LCD_GetYSize)
    i.LCD_L0_DrawBitmap1BPP                  0x08001d10   Section        0  guislim.o(i.LCD_L0_DrawBitmap1BPP)
    i.MX_GPIO_Init                           0x08001d44   Section        0  gpio.o(i.MX_GPIO_Init)
    i.MX_TIM3_Init                           0x08001dd4   Section        0  tim.o(i.MX_TIM3_Init)
    i.MX_USART1_UART_Init                    0x08001e40   Section        0  usart.o(i.MX_USART1_UART_Init)
    i.MemManage_Handler                      0x08001e78   Section        0  stm32f1xx_it.o(i.MemManage_Handler)
    i.NMI_Handler                            0x08001e7c   Section        0  stm32f1xx_it.o(i.NMI_Handler)
    i.OLED_IIC_Ack                           0x08001e80   Section        0  ssd1306_i2c.o(i.OLED_IIC_Ack)
    i.OLED_IIC_SendByte                      0x08001eb4   Section        0  ssd1306_i2c.o(i.OLED_IIC_SendByte)
    i.OLED_IIC_Start                         0x08001f1c   Section        0  ssd1306_i2c.o(i.OLED_IIC_Start)
    i.OLED_IIC_Stop                          0x08001f58   Section        0  ssd1306_i2c.o(i.OLED_IIC_Stop)
    i.PendSV_Handler                         0x08001f94   Section        0  stm32f1xx_it.o(i.PendSV_Handler)
    i.RCC_Delay                              0x08001f98   Section        0  stm32f1xx_hal_rcc.o(i.RCC_Delay)
    RCC_Delay                                0x08001f99   Thumb Code    36  stm32f1xx_hal_rcc.o(i.RCC_Delay)
    i.SSD1306_DrawFilledRectangle            0x08001fc0   Section        0  ssd1306.o(i.SSD1306_DrawFilledRectangle)
    i.SSD1306_DrawLine                       0x0800201e   Section        0  ssd1306.o(i.SSD1306_DrawLine)
    i.SSD1306_DrawPixel                      0x08002168   Section        0  ssd1306.o(i.SSD1306_DrawPixel)
    i.SSD1306_Fill                           0x08002208   Section        0  ssd1306.o(i.SSD1306_Fill)
    i.SSD1306_UpdateScreen                   0x08002228   Section        0  ssd1306.o(i.SSD1306_UpdateScreen)
    i.SSD1306_WriteByte                      0x08002268   Section        0  ssd1306.o(i.SSD1306_WriteByte)
    i.SSD1306_WriteMuliByte                  0x08002296   Section        0  ssd1306.o(i.SSD1306_WriteMuliByte)
    i.SSD1306_init                           0x080022d8   Section        0  ssd1306.o(i.SSD1306_init)
    i.SVC_Handler                            0x080023dc   Section        0  stm32f1xx_it.o(i.SVC_Handler)
    i.SysTick_Handler                        0x080023de   Section        0  stm32f1xx_it.o(i.SysTick_Handler)
    i.SystemClock_Config                     0x080023e6   Section        0  main.o(i.SystemClock_Config)
    i.SystemInit                             0x0800244c   Section        0  system_stm32f1xx.o(i.SystemInit)
    i.TIM_Base_SetConfig                     0x08002450   Section        0  stm32f1xx_hal_tim.o(i.TIM_Base_SetConfig)
    i.TIM_ETR_SetConfig                      0x080024ec   Section        0  stm32f1xx_hal_tim.o(i.TIM_ETR_SetConfig)
    i.TIM_ITRx_SetConfig                     0x08002502   Section        0  stm32f1xx_hal_tim.o(i.TIM_ITRx_SetConfig)
    TIM_ITRx_SetConfig                       0x08002503   Thumb Code    18  stm32f1xx_hal_tim.o(i.TIM_ITRx_SetConfig)
    i.TIM_TI1_ConfigInputStage               0x08002514   Section        0  stm32f1xx_hal_tim.o(i.TIM_TI1_ConfigInputStage)
    TIM_TI1_ConfigInputStage                 0x08002515   Thumb Code    38  stm32f1xx_hal_tim.o(i.TIM_TI1_ConfigInputStage)
    i.TIM_TI2_ConfigInputStage               0x0800253a   Section        0  stm32f1xx_hal_tim.o(i.TIM_TI2_ConfigInputStage)
    TIM_TI2_ConfigInputStage                 0x0800253b   Thumb Code    40  stm32f1xx_hal_tim.o(i.TIM_TI2_ConfigInputStage)
    i.UART_SetConfig                         0x08002564   Section        0  stm32f1xx_hal_uart.o(i.UART_SetConfig)
    UART_SetConfig                           0x08002565   Thumb Code   248  stm32f1xx_hal_uart.o(i.UART_SetConfig)
    i.UsageFault_Handler                     0x08002660   Section        0  stm32f1xx_it.o(i.UsageFault_Handler)
    i._DispLine                              0x08002664   Section        0  guislim.o(i._DispLine)
    _DispLine                                0x08002665   Thumb Code    18  guislim.o(i._DispLine)
    i._DispLine_SJIS                         0x08002676   Section        0  guislim.o(i._DispLine_SJIS)
    _DispLine_SJIS                           0x08002677   Thumb Code    56  guislim.o(i._DispLine_SJIS)
    i._GetCharSize                           0x080026ae   Section        0  guislim.o(i._GetCharSize)
    _GetCharSize                             0x080026af   Thumb Code     6  guislim.o(i._GetCharSize)
    i._GetLineDistX_SJIS                     0x080026b4   Section        0  guislim.o(i._GetLineDistX_SJIS)
    _GetLineDistX_SJIS                       0x080026b5   Thumb Code    70  guislim.o(i._GetLineDistX_SJIS)
    i._GetLineLen_SJIS                       0x080026fa   Section        0  guislim.o(i._GetLineLen_SJIS)
    _GetLineLen_SJIS                         0x080026fb   Thumb Code    42  guislim.o(i._GetLineLen_SJIS)
    i.__0sprintf                             0x08002724   Section        0  printfa.o(i.__0sprintf)
    i.__NVIC_GetPriorityGrouping             0x0800274c   Section        0  stm32f1xx_hal_cortex.o(i.__NVIC_GetPriorityGrouping)
    __NVIC_GetPriorityGrouping               0x0800274d   Thumb Code    10  stm32f1xx_hal_cortex.o(i.__NVIC_GetPriorityGrouping)
    i.__NVIC_SetPriority                     0x0800275c   Section        0  stm32f1xx_hal_cortex.o(i.__NVIC_SetPriority)
    __NVIC_SetPriority                       0x0800275d   Thumb Code    32  stm32f1xx_hal_cortex.o(i.__NVIC_SetPriority)
    i.__scatterload_copy                     0x08002784   Section       14  handlers.o(i.__scatterload_copy)
    i.__scatterload_null                     0x08002792   Section        2  handlers.o(i.__scatterload_null)
    i.__scatterload_zeroinit                 0x08002794   Section       14  handlers.o(i.__scatterload_zeroinit)
    i._fp_digits                             0x080027a4   Section        0  printfa.o(i._fp_digits)
    _fp_digits                               0x080027a5   Thumb Code   366  printfa.o(i._fp_digits)
    i._printf_core                           0x08002928   Section        0  printfa.o(i._printf_core)
    _printf_core                             0x08002929   Thumb Code  1704  printfa.o(i._printf_core)
    i._printf_post_padding                   0x08002fdc   Section        0  printfa.o(i._printf_post_padding)
    _printf_post_padding                     0x08002fdd   Thumb Code    36  printfa.o(i._printf_post_padding)
    i._printf_pre_padding                    0x08003000   Section        0  printfa.o(i._printf_pre_padding)
    _printf_pre_padding                      0x08003001   Thumb Code    46  printfa.o(i._printf_pre_padding)
    i._sputc                                 0x0800302e   Section        0  printfa.o(i._sputc)
    _sputc                                   0x0800302f   Thumb Code    10  printfa.o(i._sputc)
    i.main                                   0x08003038   Section        0  main.o(i.main)
    .constdata                               0x08003260   Section       18  stm32f1xx_hal_rcc.o(.constdata)
    aPLLMULFactorTable                       0x08003260   Data          16  stm32f1xx_hal_rcc.o(.constdata)
    aPredivFactorTable                       0x08003270   Data           2  stm32f1xx_hal_rcc.o(.constdata)
    .constdata                               0x08003272   Section       24  system_stm32f1xx.o(.constdata)
    .constdata                               0x0800328c   Section     1564  f08_ascii.o(.constdata)
    .data                                    0x20000000   Section       28  main.o(.data)
    .data                                    0x2000001c   Section        9  stm32f1xx_hal.o(.data)
    .data                                    0x20000028   Section        4  system_stm32f1xx.o(.data)
    .data                                    0x2000002c   Section        1  guislim.o(.data)
    .data                                    0x2000002e   Section        6  ssd1306.o(.data)
    SSD1306                                  0x2000002e   Data           6  ssd1306.o(.data)
    .bss                                     0x20000034   Section       72  tim.o(.bss)
    .bss                                     0x2000007c   Section       72  usart.o(.bss)
    .bss                                     0x200000c4   Section       32  guislim.o(.bss)
    .bss                                     0x200000e4   Section     1024  ssd1306.o(.bss)
    SSD1306_Buffer                           0x200000e4   Data        1024  ssd1306.o(.bss)
    STACK                                    0x200004e8   Section     1024  startup_stm32f103xe.o(STACK)

    Global Symbols

    Symbol Name                              Value     Ov Type        Size  Object(Section)

    BuildAttributes$$THM_ISAv4$P$D$K$B$S$PE$A:L22UL41UL21$X:L11$S22US41US21$IEEE1$IW$USESV6$~STKCKD$USESV7$~SHL$OSPACE$ROPI$EBA8$MICROLIB$REQ8$PRES8$EABIv2 0x00000000   Number         0  anon$$obj.o ABSOLUTE
    __ARM_use_no_argv                        0x00000000   Number         0  main.o ABSOLUTE
    __use_no_errno                           0x00000000   Number         0  useno.o ABSOLUTE
    __use_no_exception_handling              0x00000000   Number         0  useno.o ABSOLUTE
    __use_no_fp                              0x00000000   Number         0  useno.o ABSOLUTE
    __use_no_heap                            0x00000000   Number         0  useno.o ABSOLUTE
    __use_no_heap_region                     0x00000000   Number         0  useno.o ABSOLUTE
    __use_no_semihosting                     0x00000000   Number         0  useno.o ABSOLUTE
    __use_no_semihosting_swi                 0x00000000   Number         0  useno.o ABSOLUTE
    __use_no_signal_handling                 0x00000000   Number         0  useno.o ABSOLUTE
    _printf_a                                0x00000000   Number         0  stubs.o ABSOLUTE
    _printf_c                                0x00000000   Number         0  stubs.o ABSOLUTE
    _printf_charcount                        0x00000000   Number         0  stubs.o ABSOLUTE
    _printf_d                                0x00000000   Number         0  stubs.o ABSOLUTE
    _printf_e                                0x00000000   Number         0  stubs.o ABSOLUTE
    _printf_f                                0x00000000   Number         0  stubs.o ABSOLUTE
    _printf_flags                            0x00000000   Number         0  stubs.o ABSOLUTE
    _printf_fp_dec                           0x00000000   Number         0  stubs.o ABSOLUTE
    _printf_fp_hex                           0x00000000   Number         0  stubs.o ABSOLUTE
    _printf_g                                0x00000000   Number         0  stubs.o ABSOLUTE
    _printf_i                                0x00000000   Number         0  stubs.o ABSOLUTE
    _printf_int_dec                          0x00000000   Number         0  stubs.o ABSOLUTE
    _printf_l                                0x00000000   Number         0  stubs.o ABSOLUTE
    _printf_lc                               0x00000000   Number         0  stubs.o ABSOLUTE
    _printf_ll                               0x00000000   Number         0  stubs.o ABSOLUTE
    _printf_lld                              0x00000000   Number         0  stubs.o ABSOLUTE
    _printf_lli                              0x00000000   Number         0  stubs.o ABSOLUTE
    _printf_llo                              0x00000000   Number         0  stubs.o ABSOLUTE
    _printf_llu                              0x00000000   Number         0  stubs.o ABSOLUTE
    _printf_llx                              0x00000000   Number         0  stubs.o ABSOLUTE
    _printf_longlong_dec                     0x00000000   Number         0  stubs.o ABSOLUTE
    _printf_longlong_hex                     0x00000000   Number         0  stubs.o ABSOLUTE
    _printf_longlong_oct                     0x00000000   Number         0  stubs.o ABSOLUTE
    _printf_ls                               0x00000000   Number         0  stubs.o ABSOLUTE
    _printf_mbtowc                           0x00000000   Number         0  stubs.o ABSOLUTE
    _printf_n                                0x00000000   Number         0  stubs.o ABSOLUTE
    _printf_o                                0x00000000   Number         0  stubs.o ABSOLUTE
    _printf_p                                0x00000000   Number         0  stubs.o ABSOLUTE
    _printf_percent                          0x00000000   Number         0  stubs.o ABSOLUTE
    _printf_pre_padding                      0x00000000   Number         0  stubs.o ABSOLUTE
    _printf_return_value                     0x00000000   Number         0  stubs.o ABSOLUTE
    _printf_s                                0x00000000   Number         0  stubs.o ABSOLUTE
    _printf_sizespec                         0x00000000   Number         0  stubs.o ABSOLUTE
    _printf_str                              0x00000000   Number         0  stubs.o ABSOLUTE
    _printf_truncate_signed                  0x00000000   Number         0  stubs.o ABSOLUTE
    _printf_truncate_unsigned                0x00000000   Number         0  stubs.o ABSOLUTE
    _printf_u                                0x00000000   Number         0  stubs.o ABSOLUTE
    _printf_wc                               0x00000000   Number         0  stubs.o ABSOLUTE
    _printf_wctomb                           0x00000000   Number         0  stubs.o ABSOLUTE
    _printf_widthprec                        0x00000000   Number         0  stubs.o ABSOLUTE
    _printf_x                                0x00000000   Number         0  stubs.o ABSOLUTE
    __arm_fini_                               - Undefined Weak Reference
    __cpp_initialize__aeabi_                  - Undefined Weak Reference
    __cxa_finalize                            - Undefined Weak Reference
    __decompress                              - Undefined Weak Reference
    _clock_init                               - Undefined Weak Reference
    _microlib_exit                            - Undefined Weak Reference
    __Vectors_Size                           0x00000130   Number         0  startup_stm32f103xe.o ABSOLUTE
    __Vectors                                0x08000000   Data           4  startup_stm32f103xe.o(RESET)
    __Vectors_End                            0x08000130   Data           0  startup_stm32f103xe.o(RESET)
    __main                                   0x08000131   Thumb Code     0  entry.o(.ARM.Collect$$$$00000000)
    _main_stk                                0x08000131   Thumb Code     0  entry2.o(.ARM.Collect$$$$00000001)
    _main_scatterload                        0x08000135   Thumb Code     0  entry5.o(.ARM.Collect$$$$00000004)
    __main_after_scatterload                 0x08000139   Thumb Code     0  entry5.o(.ARM.Collect$$$$00000004)
    _main_clock                              0x08000139   Thumb Code     0  entry7b.o(.ARM.Collect$$$$00000008)
    _main_cpp_init                           0x08000139   Thumb Code     0  entry8b.o(.ARM.Collect$$$$0000000A)
    _main_init                               0x08000139   Thumb Code     0  entry9a.o(.ARM.Collect$$$$0000000B)
    __rt_lib_shutdown_fini                   0x08000141   Thumb Code     0  entry12b.o(.ARM.Collect$$$$0000000E)
    __rt_final_cpp                           0x08000145   Thumb Code     0  entry10a.o(.ARM.Collect$$$$0000000F)
    __rt_final_exit                          0x08000145   Thumb Code     0  entry11a.o(.ARM.Collect$$$$00000011)
    Reset_Handler                            0x08000149   Thumb Code     8  startup_stm32f103xe.o(.text)
    ADC1_2_IRQHandler                        0x08000163   Thumb Code     0  startup_stm32f103xe.o(.text)
    ADC3_IRQHandler                          0x08000163   Thumb Code     0  startup_stm32f103xe.o(.text)
    CAN1_RX1_IRQHandler                      0x08000163   Thumb Code     0  startup_stm32f103xe.o(.text)
    CAN1_SCE_IRQHandler                      0x08000163   Thumb Code     0  startup_stm32f103xe.o(.text)
    DMA1_Channel1_IRQHandler                 0x08000163   Thumb Code     0  startup_stm32f103xe.o(.text)
    DMA1_Channel2_IRQHandler                 0x08000163   Thumb Code     0  startup_stm32f103xe.o(.text)
    DMA1_Channel3_IRQHandler                 0x08000163   Thumb Code     0  startup_stm32f103xe.o(.text)
    DMA1_Channel4_IRQHandler                 0x08000163   Thumb Code     0  startup_stm32f103xe.o(.text)
    DMA1_Channel5_IRQHandler                 0x08000163   Thumb Code     0  startup_stm32f103xe.o(.text)
    DMA1_Channel6_IRQHandler                 0x08000163   Thumb Code     0  startup_stm32f103xe.o(.text)
    DMA1_Channel7_IRQHandler                 0x08000163   Thumb Code     0  startup_stm32f103xe.o(.text)
    DMA2_Channel1_IRQHandler                 0x08000163   Thumb Code     0  startup_stm32f103xe.o(.text)
    DMA2_Channel2_IRQHandler                 0x08000163   Thumb Code     0  startup_stm32f103xe.o(.text)
    DMA2_Channel3_IRQHandler                 0x08000163   Thumb Code     0  startup_stm32f103xe.o(.text)
    DMA2_Channel4_5_IRQHandler               0x08000163   Thumb Code     0  startup_stm32f103xe.o(.text)
    EXTI0_IRQHandler                         0x08000163   Thumb Code     0  startup_stm32f103xe.o(.text)
    EXTI15_10_IRQHandler                     0x08000163   Thumb Code     0  startup_stm32f103xe.o(.text)
    EXTI1_IRQHandler                         0x08000163   Thumb Code     0  startup_stm32f103xe.o(.text)
    EXTI2_IRQHandler                         0x08000163   Thumb Code     0  startup_stm32f103xe.o(.text)
    EXTI3_IRQHandler                         0x08000163   Thumb Code     0  startup_stm32f103xe.o(.text)
    EXTI4_IRQHandler                         0x08000163   Thumb Code     0  startup_stm32f103xe.o(.text)
    EXTI9_5_IRQHandler                       0x08000163   Thumb Code     0  startup_stm32f103xe.o(.text)
    FLASH_IRQHandler                         0x08000163   Thumb Code     0  startup_stm32f103xe.o(.text)
    FSMC_IRQHandler                          0x08000163   Thumb Code     0  startup_stm32f103xe.o(.text)
    I2C1_ER_IRQHandler                       0x08000163   Thumb Code     0  startup_stm32f103xe.o(.text)
    I2C1_EV_IRQHandler                       0x08000163   Thumb Code     0  startup_stm32f103xe.o(.text)
    I2C2_ER_IRQHandler                       0x08000163   Thumb Code     0  startup_stm32f103xe.o(.text)
    I2C2_EV_IRQHandler                       0x08000163   Thumb Code     0  startup_stm32f103xe.o(.text)
    PVD_IRQHandler                           0x08000163   Thumb Code     0  startup_stm32f103xe.o(.text)
    RCC_IRQHandler                           0x08000163   Thumb Code     0  startup_stm32f103xe.o(.text)
    RTC_Alarm_IRQHandler                     0x08000163   Thumb Code     0  startup_stm32f103xe.o(.text)
    RTC_IRQHandler                           0x08000163   Thumb Code     0  startup_stm32f103xe.o(.text)
    SDIO_IRQHandler                          0x08000163   Thumb Code     0  startup_stm32f103xe.o(.text)
    SPI1_IRQHandler                          0x08000163   Thumb Code     0  startup_stm32f103xe.o(.text)
    SPI2_IRQHandler                          0x08000163   Thumb Code     0  startup_stm32f103xe.o(.text)
    SPI3_IRQHandler                          0x08000163   Thumb Code     0  startup_stm32f103xe.o(.text)
    TAMPER_IRQHandler                        0x08000163   Thumb Code     0  startup_stm32f103xe.o(.text)
    TIM1_BRK_IRQHandler                      0x08000163   Thumb Code     0  startup_stm32f103xe.o(.text)
    TIM1_CC_IRQHandler                       0x08000163   Thumb Code     0  startup_stm32f103xe.o(.text)
    TIM1_TRG_COM_IRQHandler                  0x08000163   Thumb Code     0  startup_stm32f103xe.o(.text)
    TIM1_UP_IRQHandler                       0x08000163   Thumb Code     0  startup_stm32f103xe.o(.text)
    TIM2_IRQHandler                          0x08000163   Thumb Code     0  startup_stm32f103xe.o(.text)
    TIM3_IRQHandler                          0x08000163   Thumb Code     0  startup_stm32f103xe.o(.text)
    TIM4_IRQHandler                          0x08000163   Thumb Code     0  startup_stm32f103xe.o(.text)
    TIM5_IRQHandler                          0x08000163   Thumb Code     0  startup_stm32f103xe.o(.text)
    TIM6_IRQHandler                          0x08000163   Thumb Code     0  startup_stm32f103xe.o(.text)
    TIM7_IRQHandler                          0x08000163   Thumb Code     0  startup_stm32f103xe.o(.text)
    TIM8_BRK_IRQHandler                      0x08000163   Thumb Code     0  startup_stm32f103xe.o(.text)
    TIM8_CC_IRQHandler                       0x08000163   Thumb Code     0  startup_stm32f103xe.o(.text)
    TIM8_TRG_COM_IRQHandler                  0x08000163   Thumb Code     0  startup_stm32f103xe.o(.text)
    TIM8_UP_IRQHandler                       0x08000163   Thumb Code     0  startup_stm32f103xe.o(.text)
    UART4_IRQHandler                         0x08000163   Thumb Code     0  startup_stm32f103xe.o(.text)
    UART5_IRQHandler                         0x08000163   Thumb Code     0  startup_stm32f103xe.o(.text)
    USART1_IRQHandler                        0x08000163   Thumb Code     0  startup_stm32f103xe.o(.text)
    USART2_IRQHandler                        0x08000163   Thumb Code     0  startup_stm32f103xe.o(.text)
    USART3_IRQHandler                        0x08000163   Thumb Code     0  startup_stm32f103xe.o(.text)
    USBWakeUp_IRQHandler                     0x08000163   Thumb Code     0  startup_stm32f103xe.o(.text)
    USB_HP_CAN1_TX_IRQHandler                0x08000163   Thumb Code     0  startup_stm32f103xe.o(.text)
    USB_LP_CAN1_RX0_IRQHandler               0x08000163   Thumb Code     0  startup_stm32f103xe.o(.text)
    WWDG_IRQHandler                          0x08000163   Thumb Code     0  startup_stm32f103xe.o(.text)
    __aeabi_llsr                             0x0800016d   Thumb Code    32  llushr.o(.text)
    _ll_ushift_r                             0x0800016d   Thumb Code     0  llushr.o(.text)
    __aeabi_memset                           0x0800018d   Thumb Code    14  memseta.o(.text)
    __aeabi_memset4                          0x0800018d   Thumb Code     0  memseta.o(.text)
    __aeabi_memset8                          0x0800018d   Thumb Code     0  memseta.o(.text)
    __aeabi_memclr                           0x0800019b   Thumb Code     4  memseta.o(.text)
    __aeabi_memclr4                          0x0800019b   Thumb Code     0  memseta.o(.text)
    __aeabi_memclr8                          0x0800019b   Thumb Code     0  memseta.o(.text)
    _memset$wrapper                          0x0800019f   Thumb Code    18  memseta.o(.text)
    __aeabi_f2d                              0x080001b1   Thumb Code    38  f2d.o(.text)
    __aeabi_uidiv                            0x080001d7   Thumb Code     0  uidiv.o(.text)
    __aeabi_uidivmod                         0x080001d7   Thumb Code    44  uidiv.o(.text)
    __aeabi_uldivmod                         0x08000203   Thumb Code    98  uldiv.o(.text)
    __I$use$fp                               0x08000265   Thumb Code     0  iusefp.o(.text)
    __aeabi_dadd                             0x08000265   Thumb Code   322  dadd.o(.text)
    __aeabi_dsub                             0x080003a7   Thumb Code     6  dadd.o(.text)
    __aeabi_drsub                            0x080003ad   Thumb Code     6  dadd.o(.text)
    __aeabi_dmul                             0x080003b3   Thumb Code   228  dmul.o(.text)
    __aeabi_ddiv                             0x08000497   Thumb Code   222  ddiv.o(.text)
    __aeabi_d2ulz                            0x08000575   Thumb Code    48  dfixul.o(.text)
    __aeabi_cdrcmple                         0x080005a5   Thumb Code    48  cdrcmple.o(.text)
    __scatterload                            0x080005d5   Thumb Code    28  init.o(.text)
    __scatterload_rt2                        0x080005d5   Thumb Code     0  init.o(.text)
    __aeabi_llsl                             0x080005f9   Thumb Code    30  llshl.o(.text)
    _ll_shift_l                              0x080005f9   Thumb Code     0  llshl.o(.text)
    __aeabi_lasr                             0x08000617   Thumb Code    36  llsshr.o(.text)
    _ll_sshift_r                             0x08000617   Thumb Code     0  llsshr.o(.text)
    _double_round                            0x0800063b   Thumb Code    30  depilogue.o(.text)
    _double_epilogue                         0x08000659   Thumb Code   156  depilogue.o(.text)
    BusFault_Handler                         0x080006f5   Thumb Code     4  stm32f1xx_it.o(i.BusFault_Handler)
    DebugMon_Handler                         0x08000701   Thumb Code     2  stm32f1xx_it.o(i.DebugMon_Handler)
    DrawBitLine1BPP                          0x08000705   Thumb Code   450  guislim.o(i.DrawBitLine1BPP)
    Error_Handler                            0x080008cd   Thumb Code     6  main.o(i.Error_Handler)
    GL_DispChar                              0x080008d5   Thumb Code    30  guislim.o(i.GL_DispChar)
    GUIPROP_DispChar                         0x080008f9   Thumb Code   214  guislim.o(i.GUIPROP_DispChar)
    GUIPROP_GetCharDistX                     0x080009f1   Thumb Code    44  guislim.o(i.GUIPROP_GetCharDistX)
    GUIPROP_GetFontInfo                      0x08000a21   Thumb Code     6  guislim.o(i.GUIPROP_GetFontInfo)
    GUIPROP_IsInFont                         0x08000a27   Thumb Code    26  guislim.o(i.GUIPROP_IsInFont)
    GUI_ClearRect                            0x08000a41   Thumb Code    28  guislim.o(i.GUI_ClearRect)
    GUI_DispNextLine                         0x08000a5d   Thumb Code    20  guislim.o(i.GUI_DispNextLine)
    GUI_DispString                           0x08000a75   Thumb Code   314  guislim.o(i.GUI_DispString)
    GUI_DispStringAt                         0x08000bb5   Thumb Code    26  guislim.o(i.GUI_DispStringAt)
    GUI_GetCharDistX                         0x08000bd5   Thumb Code    20  guislim.o(i.GUI_GetCharDistX)
    GUI_GetFontDistY                         0x08000bed   Thumb Code     8  guislim.o(i.GUI_GetFontDistY)
    GUI_GetYAdjust                           0x08000bf9   Thumb Code    66  guislim.o(i.GUI_GetYAdjust)
    GUI_Init                                 0x08000c41   Thumb Code    64  guislim.o(i.GUI_Init)
    GUI_SetFont                              0x08000c8d   Thumb Code    12  guislim.o(i.GUI_SetFont)
    GUI_UC__NumChars2NumBytes                0x08000c9d   Thumb Code    38  guislim.o(i.GUI_UC__NumChars2NumBytes)
    GUI_Update                               0x08000cc3   Thumb Code     8  guislim.o(i.GUI_Update)
    GUI__DispLine                            0x08000ccd   Thumb Code    42  guislim.o(i.GUI__DispLine)
    GUI__GetLineDistX                        0x08000cfd   Thumb Code    16  guislim.o(i.GUI__GetLineDistX)
    GUI__GetLineNumChars                     0x08000d0d   Thumb Code    16  guislim.o(i.GUI__GetLineNumChars)
    HAL_Delay                                0x08000d1d   Thumb Code    36  stm32f1xx_hal.o(i.HAL_Delay)
    HAL_GPIO_Init                            0x08000d45   Thumb Code   792  stm32f1xx_hal_gpio.o(i.HAL_GPIO_Init)
    HAL_GPIO_WritePin                        0x08001085   Thumb Code    12  stm32f1xx_hal_gpio.o(i.HAL_GPIO_WritePin)
    HAL_GetTick                              0x08001091   Thumb Code     6  stm32f1xx_hal.o(i.HAL_GetTick)
    HAL_IncTick                              0x0800109d   Thumb Code    16  stm32f1xx_hal.o(i.HAL_IncTick)
    HAL_Init                                 0x080010b5   Thumb Code    34  stm32f1xx_hal.o(i.HAL_Init)
    HAL_InitTick                             0x080010dd   Thumb Code    64  stm32f1xx_hal.o(i.HAL_InitTick)
    HAL_MspInit                              0x08001129   Thumb Code    76  stm32f1xx_hal_msp.o(i.HAL_MspInit)
    HAL_NVIC_SetPriority                     0x0800117d   Thumb Code   124  stm32f1xx_hal_cortex.o(i.HAL_NVIC_SetPriority)
    HAL_NVIC_SetPriorityGrouping             0x080011f9   Thumb Code    32  stm32f1xx_hal_cortex.o(i.HAL_NVIC_SetPriorityGrouping)
    HAL_RCC_ClockConfig                      0x08001221   Thumb Code   376  stm32f1xx_hal_rcc.o(i.HAL_RCC_ClockConfig)
    HAL_RCC_GetHCLKFreq                      0x080013ad   Thumb Code     6  stm32f1xx_hal_rcc.o(i.HAL_RCC_GetHCLKFreq)
    HAL_RCC_GetPCLK1Freq                     0x080013b9   Thumb Code    22  stm32f1xx_hal_rcc.o(i.HAL_RCC_GetPCLK1Freq)
    HAL_RCC_GetPCLK2Freq                     0x080013d9   Thumb Code    22  stm32f1xx_hal_rcc.o(i.HAL_RCC_GetPCLK2Freq)
    HAL_RCC_GetSysClockFreq                  0x080013f9   Thumb Code    92  stm32f1xx_hal_rcc.o(i.HAL_RCC_GetSysClockFreq)
    HAL_RCC_OscConfig                        0x08001469   Thumb Code  1114  stm32f1xx_hal_rcc.o(i.HAL_RCC_OscConfig)
    HAL_SYSTICK_Config                       0x080018cd   Thumb Code    52  stm32f1xx_hal_cortex.o(i.HAL_SYSTICK_Config)
    HAL_TIMEx_MasterConfigSynchronization    0x08001901   Thumb Code   134  stm32f1xx_hal_tim_ex.o(i.HAL_TIMEx_MasterConfigSynchronization)
    HAL_TIM_Base_Init                        0x0800199d   Thumb Code   102  stm32f1xx_hal_tim.o(i.HAL_TIM_Base_Init)
    HAL_TIM_Base_MspInit                     0x08001a05   Thumb Code    40  tim.o(i.HAL_TIM_Base_MspInit)
    HAL_TIM_ConfigClockSource                0x08001a35   Thumb Code   268  stm32f1xx_hal_tim.o(i.HAL_TIM_ConfigClockSource)
    HAL_UART_Init                            0x08001b41   Thumb Code   118  stm32f1xx_hal_uart.o(i.HAL_UART_Init)
    HAL_UART_MspInit                         0x08001bb9   Thumb Code   122  usart.o(i.HAL_UART_MspInit)
    HardFault_Handler                        0x08001c41   Thumb Code     4  stm32f1xx_it.o(i.HardFault_Handler)
    LCD_DrawBitmap1BPP                       0x08001c5d   Thumb Code   166  guislim.o(i.LCD_DrawBitmap1BPP)
    LCD_GetXSize                             0x08001d09   Thumb Code     4  guislim.o(i.LCD_GetXSize)
    LCD_GetYSize                             0x08001d0d   Thumb Code     4  guislim.o(i.LCD_GetYSize)
    LCD_L0_DrawBitmap1BPP                    0x08001d11   Thumb Code    50  guislim.o(i.LCD_L0_DrawBitmap1BPP)
    MX_GPIO_Init                             0x08001d45   Thumb Code   134  gpio.o(i.MX_GPIO_Init)
    MX_TIM3_Init                             0x08001dd5   Thumb Code   100  tim.o(i.MX_TIM3_Init)
    MX_USART1_UART_Init                      0x08001e41   Thumb Code    46  usart.o(i.MX_USART1_UART_Init)
    MemManage_Handler                        0x08001e79   Thumb Code     4  stm32f1xx_it.o(i.MemManage_Handler)
    NMI_Handler                              0x08001e7d   Thumb Code     4  stm32f1xx_it.o(i.NMI_Handler)
    OLED_IIC_Ack                             0x08001e81   Thumb Code    46  ssd1306_i2c.o(i.OLED_IIC_Ack)
    OLED_IIC_SendByte                        0x08001eb5   Thumb Code    98  ssd1306_i2c.o(i.OLED_IIC_SendByte)
    OLED_IIC_Start                           0x08001f1d   Thumb Code    56  ssd1306_i2c.o(i.OLED_IIC_Start)
    OLED_IIC_Stop                            0x08001f59   Thumb Code    56  ssd1306_i2c.o(i.OLED_IIC_Stop)
    PendSV_Handler                           0x08001f95   Thumb Code     2  stm32f1xx_it.o(i.PendSV_Handler)
    SSD1306_DrawFilledRectangle              0x08001fc1   Thumb Code    94  ssd1306.o(i.SSD1306_DrawFilledRectangle)
    SSD1306_DrawLine                         0x0800201f   Thumb Code   330  ssd1306.o(i.SSD1306_DrawLine)
    SSD1306_DrawPixel                        0x08002169   Thumb Code   152  ssd1306.o(i.SSD1306_DrawPixel)
    SSD1306_Fill                             0x08002209   Thumb Code    26  ssd1306.o(i.SSD1306_Fill)
    SSD1306_UpdateScreen                     0x08002229   Thumb Code    60  ssd1306.o(i.SSD1306_UpdateScreen)
    SSD1306_WriteByte                        0x08002269   Thumb Code    46  ssd1306.o(i.SSD1306_WriteByte)
    SSD1306_WriteMuliByte                    0x08002297   Thumb Code    64  ssd1306.o(i.SSD1306_WriteMuliByte)
    SSD1306_init                             0x080022d9   Thumb Code   256  ssd1306.o(i.SSD1306_init)
    SVC_Handler                              0x080023dd   Thumb Code     2  stm32f1xx_it.o(i.SVC_Handler)
    SysTick_Handler                          0x080023df   Thumb Code     8  stm32f1xx_it.o(i.SysTick_Handler)
    SystemClock_Config                       0x080023e7   Thumb Code   102  main.o(i.SystemClock_Config)
    SystemInit                               0x0800244d   Thumb Code     2  system_stm32f1xx.o(i.SystemInit)
    TIM_Base_SetConfig                       0x08002451   Thumb Code   134  stm32f1xx_hal_tim.o(i.TIM_Base_SetConfig)
    TIM_ETR_SetConfig                        0x080024ed   Thumb Code    22  stm32f1xx_hal_tim.o(i.TIM_ETR_SetConfig)
    UsageFault_Handler                       0x08002661   Thumb Code     4  stm32f1xx_it.o(i.UsageFault_Handler)
    __0sprintf                               0x08002725   Thumb Code    34  printfa.o(i.__0sprintf)
    __1sprintf                               0x08002725   Thumb Code     0  printfa.o(i.__0sprintf)
    __2sprintf                               0x08002725   Thumb Code     0  printfa.o(i.__0sprintf)
    __c89sprintf                             0x08002725   Thumb Code     0  printfa.o(i.__0sprintf)
    sprintf                                  0x08002725   Thumb Code     0  printfa.o(i.__0sprintf)
    __scatterload_copy                       0x08002785   Thumb Code    14  handlers.o(i.__scatterload_copy)
    __scatterload_null                       0x08002793   Thumb Code     2  handlers.o(i.__scatterload_null)
    __scatterload_zeroinit                   0x08002795   Thumb Code    14  handlers.o(i.__scatterload_zeroinit)
    main                                     0x08003039   Thumb Code   380  main.o(i.main)
    AHBPrescTable                            0x08003272   Data          16  system_stm32f1xx.o(.constdata)
    APBPrescTable                            0x08003282   Data           8  system_stm32f1xx.o(.constdata)
    acFont8ASCII                             0x0800328c   Data         760  f08_ascii.o(.constdata)
    GUI_Font8_ASCII_CharInfo                 0x08003584   Data         760  f08_ascii.o(.constdata)
    GUI_Font8ASCII_Prop                      0x0800387c   Data          12  f08_ascii.o(.constdata)
    GUI_Font8_ASCII                          0x08003888   Data          32  f08_ascii.o(.constdata)
    Region$$Table$$Base                      0x080038a8   Number         0  anon$$obj.o(Region$$Table)
    Region$$Table$$Limit                     0x080038c8   Number         0  anon$$obj.o(Region$$Table)
    Average_Tr                               0x20000000   Data           4  main.o(.data)
    Average_Tw                               0x20000004   Data           4  main.o(.data)
    Average_He                               0x20000008   Data           4  main.o(.data)
    Average_Ts                               0x2000000c   Data           4  main.o(.data)
    Average_HR                               0x20000010   Data           4  main.o(.data)
    Average_SPO2                             0x20000014   Data           4  main.o(.data)
    MHC                                      0x20000018   Data           4  main.o(.data)
    uwTick                                   0x2000001c   Data           4  stm32f1xx_hal.o(.data)
    uwTickPrio                               0x20000020   Data           4  stm32f1xx_hal.o(.data)
    uwTickFreq                               0x20000024   Data           1  stm32f1xx_hal.o(.data)
    SystemCoreClock                          0x20000028   Data           4  system_stm32f1xx.o(.data)
    GUI_DecChar                              0x2000002c   Data           1  guislim.o(.data)
    htim3                                    0x20000034   Data          72  tim.o(.bss)
    huart1                                   0x2000007c   Data          72  usart.o(.bss)
    GUI_Context                              0x200000c4   Data          32  guislim.o(.bss)
    __initial_sp                             0x200008e8   Data           0  startup_stm32f103xe.o(STACK)



==============================================================================

Memory Map of the image

  Image Entry point : 0x08000131

  Load Region LR_IROM1 (Base: 0x08000000, Size: 0x000038fc, Max: 0x00080000, ABSOLUTE)

    Execution Region ER_IROM1 (Exec base: 0x08000000, Load base: 0x08000000, Size: 0x000038c8, Max: 0x00080000, ABSOLUTE)

    Exec Addr    Load Addr    Size         Type   Attr      Idx    E Section Name        Object

    0x08000000   0x08000000   0x00000130   Data   RO            3    RESET               startup_stm32f103xe.o
    0x08000130   0x08000130   0x00000000   Code   RO         3623  * .ARM.Collect$$$$00000000  mc_w.l(entry.o)
    0x08000130   0x08000130   0x00000004   Code   RO         3893    .ARM.Collect$$$$00000001  mc_w.l(entry2.o)
    0x08000134   0x08000134   0x00000004   Code   RO         3896    .ARM.Collect$$$$00000004  mc_w.l(entry5.o)
    0x08000138   0x08000138   0x00000000   Code   RO         3898    .ARM.Collect$$$$00000008  mc_w.l(entry7b.o)
    0x08000138   0x08000138   0x00000000   Code   RO         3900    .ARM.Collect$$$$0000000A  mc_w.l(entry8b.o)
    0x08000138   0x08000138   0x00000008   Code   RO         3901    .ARM.Collect$$$$0000000B  mc_w.l(entry9a.o)
    0x08000140   0x08000140   0x00000004   Code   RO         3908    .ARM.Collect$$$$0000000E  mc_w.l(entry12b.o)
    0x08000144   0x08000144   0x00000000   Code   RO         3903    .ARM.Collect$$$$0000000F  mc_w.l(entry10a.o)
    0x08000144   0x08000144   0x00000000   Code   RO         3905    .ARM.Collect$$$$00000011  mc_w.l(entry11a.o)
    0x08000144   0x08000144   0x00000004   Code   RO         3894    .ARM.Collect$$$$00002712  mc_w.l(entry2.o)
    0x08000148   0x08000148   0x00000024   Code   RO            4    .text               startup_stm32f103xe.o
    0x0800016c   0x0800016c   0x00000020   Code   RO         3626    .text               mc_w.l(llushr.o)
    0x0800018c   0x0800018c   0x00000024   Code   RO         3628    .text               mc_w.l(memseta.o)
    0x080001b0   0x080001b0   0x00000026   Code   RO         3891    .text               mf_w.l(f2d.o)
    0x080001d6   0x080001d6   0x0000002c   Code   RO         3909    .text               mc_w.l(uidiv.o)
    0x08000202   0x08000202   0x00000062   Code   RO         3911    .text               mc_w.l(uldiv.o)
    0x08000264   0x08000264   0x00000000   Code   RO         3913    .text               mc_w.l(iusefp.o)
    0x08000264   0x08000264   0x0000014e   Code   RO         3914    .text               mf_w.l(dadd.o)
    0x080003b2   0x080003b2   0x000000e4   Code   RO         3916    .text               mf_w.l(dmul.o)
    0x08000496   0x08000496   0x000000de   Code   RO         3918    .text               mf_w.l(ddiv.o)
    0x08000574   0x08000574   0x00000030   Code   RO         3920    .text               mf_w.l(dfixul.o)
    0x080005a4   0x080005a4   0x00000030   Code   RO         3922    .text               mf_w.l(cdrcmple.o)
    0x080005d4   0x080005d4   0x00000024   Code   RO         3924    .text               mc_w.l(init.o)
    0x080005f8   0x080005f8   0x0000001e   Code   RO         3926    .text               mc_w.l(llshl.o)
    0x08000616   0x08000616   0x00000024   Code   RO         3928    .text               mc_w.l(llsshr.o)
    0x0800063a   0x0800063a   0x000000ba   Code   RO         3930    .text               mf_w.l(depilogue.o)
    0x080006f4   0x080006f4   0x00000004   Code   RO          294    i.BusFault_Handler  stm32f1xx_it.o
    0x080006f8   0x080006f8   0x00000008   Code   RO         2844    i.DB2SJIS           guislim.o
    0x08000700   0x08000700   0x00000002   Code   RO          295    i.DebugMon_Handler  stm32f1xx_it.o
    0x08000702   0x08000702   0x00000002   PAD
    0x08000704   0x08000704   0x000001c8   Code   RO         2846    i.DrawBitLine1BPP   guislim.o
    0x080008cc   0x080008cc   0x00000006   Code   RO           13    i.Error_Handler     main.o
    0x080008d2   0x080008d2   0x00000002   PAD
    0x080008d4   0x080008d4   0x00000024   Code   RO         2847    i.GL_DispChar       guislim.o
    0x080008f8   0x080008f8   0x000000dc   Code   RO         2853    i.GUIPROP_DispChar  guislim.o
    0x080009d4   0x080009d4   0x0000001a   Code   RO         2854    i.GUIPROP_FindChar  guislim.o
    0x080009ee   0x080009ee   0x00000002   PAD
    0x080009f0   0x080009f0   0x00000030   Code   RO         2855    i.GUIPROP_GetCharDistX  guislim.o
    0x08000a20   0x08000a20   0x00000006   Code   RO         2856    i.GUIPROP_GetFontInfo  guislim.o
    0x08000a26   0x08000a26   0x0000001a   Code   RO         2857    i.GUIPROP_IsInFont  guislim.o
    0x08000a40   0x08000a40   0x0000001c   Code   RO         2859    i.GUI_ClearRect     guislim.o
    0x08000a5c   0x08000a5c   0x00000018   Code   RO         2863    i.GUI_DispNextLine  guislim.o
    0x08000a74   0x08000a74   0x00000140   Code   RO         2864    i.GUI_DispString    guislim.o
    0x08000bb4   0x08000bb4   0x00000020   Code   RO         2865    i.GUI_DispStringAt  guislim.o
    0x08000bd4   0x08000bd4   0x00000018   Code   RO         2882    i.GUI_GetCharDistX  guislim.o
    0x08000bec   0x08000bec   0x0000000c   Code   RO         2888    i.GUI_GetFontDistY  guislim.o
    0x08000bf8   0x08000bf8   0x00000048   Code   RO         2895    i.GUI_GetYAdjust    guislim.o
    0x08000c40   0x08000c40   0x0000004c   Code   RO         2902    i.GUI_Init          guislim.o
    0x08000c8c   0x08000c8c   0x00000010   Code   RO         2905    i.GUI_SetFont       guislim.o
    0x08000c9c   0x08000c9c   0x00000026   Code   RO         2911    i.GUI_UC__NumChars2NumBytes  guislim.o
    0x08000cc2   0x08000cc2   0x00000008   Code   RO         2912    i.GUI_Update        guislim.o
    0x08000cca   0x08000cca   0x00000002   PAD
    0x08000ccc   0x08000ccc   0x00000030   Code   RO         2913    i.GUI__DispLine     guislim.o
    0x08000cfc   0x08000cfc   0x00000010   Code   RO         2915    i.GUI__GetLineDistX  guislim.o
    0x08000d0c   0x08000d0c   0x00000010   Code   RO         2916    i.GUI__GetLineNumChars  guislim.o
    0x08000d1c   0x08000d1c   0x00000028   Code   RO         1420    i.HAL_Delay         stm32f1xx_hal.o
    0x08000d44   0x08000d44   0x00000340   Code   RO         1735    i.HAL_GPIO_Init     stm32f1xx_hal_gpio.o
    0x08001084   0x08001084   0x0000000c   Code   RO         1739    i.HAL_GPIO_WritePin  stm32f1xx_hal_gpio.o
    0x08001090   0x08001090   0x0000000c   Code   RO         1424    i.HAL_GetTick       stm32f1xx_hal.o
    0x0800109c   0x0800109c   0x00000018   Code   RO         1430    i.HAL_IncTick       stm32f1xx_hal.o
    0x080010b4   0x080010b4   0x00000028   Code   RO         1431    i.HAL_Init          stm32f1xx_hal.o
    0x080010dc   0x080010dc   0x0000004c   Code   RO         1432    i.HAL_InitTick      stm32f1xx_hal.o
    0x08001128   0x08001128   0x00000054   Code   RO          369    i.HAL_MspInit       stm32f1xx_hal_msp.o
    0x0800117c   0x0800117c   0x0000007c   Code   RO         1901    i.HAL_NVIC_SetPriority  stm32f1xx_hal_cortex.o
    0x080011f8   0x080011f8   0x00000028   Code   RO         1902    i.HAL_NVIC_SetPriorityGrouping  stm32f1xx_hal_cortex.o
    0x08001220   0x08001220   0x0000018c   Code   RO         1588    i.HAL_RCC_ClockConfig  stm32f1xx_hal_rcc.o
    0x080013ac   0x080013ac   0x0000000c   Code   RO         1593    i.HAL_RCC_GetHCLKFreq  stm32f1xx_hal_rcc.o
    0x080013b8   0x080013b8   0x00000020   Code   RO         1595    i.HAL_RCC_GetPCLK1Freq  stm32f1xx_hal_rcc.o
    0x080013d8   0x080013d8   0x00000020   Code   RO         1596    i.HAL_RCC_GetPCLK2Freq  stm32f1xx_hal_rcc.o
    0x080013f8   0x080013f8   0x00000070   Code   RO         1597    i.HAL_RCC_GetSysClockFreq  stm32f1xx_hal_rcc.o
    0x08001468   0x08001468   0x00000464   Code   RO         1600    i.HAL_RCC_OscConfig  stm32f1xx_hal_rcc.o
    0x080018cc   0x080018cc   0x00000034   Code   RO         1906    i.HAL_SYSTICK_Config  stm32f1xx_hal_cortex.o
    0x08001900   0x08001900   0x0000009c   Code   RO         1165    i.HAL_TIMEx_MasterConfigSynchronization  stm32f1xx_hal_tim_ex.o
    0x0800199c   0x0800199c   0x00000066   Code   RO          431    i.HAL_TIM_Base_Init  stm32f1xx_hal_tim.o
    0x08001a02   0x08001a02   0x00000002   PAD
    0x08001a04   0x08001a04   0x00000030   Code   RO          188    i.HAL_TIM_Base_MspInit  tim.o
    0x08001a34   0x08001a34   0x0000010c   Code   RO          440    i.HAL_TIM_ConfigClockSource  stm32f1xx_hal_tim.o
    0x08001b40   0x08001b40   0x00000076   Code   RO         2451    i.HAL_UART_Init     stm32f1xx_hal_uart.o
    0x08001bb6   0x08001bb6   0x00000002   PAD
    0x08001bb8   0x08001bb8   0x00000088   Code   RO          230    i.HAL_UART_MspInit  usart.o
    0x08001c40   0x08001c40   0x00000004   Code   RO          296    i.HardFault_Handler  stm32f1xx_it.o
    0x08001c44   0x08001c44   0x00000016   Code   RO         3570    i.I2C_delay         ssd1306_i2c.o
    0x08001c5a   0x08001c5a   0x00000002   PAD
    0x08001c5c   0x08001c5c   0x000000ac   Code   RO         2920    i.LCD_DrawBitmap1BPP  guislim.o
    0x08001d08   0x08001d08   0x00000004   Code   RO         2925    i.LCD_GetXSize      guislim.o
    0x08001d0c   0x08001d0c   0x00000004   Code   RO         2926    i.LCD_GetYSize      guislim.o
    0x08001d10   0x08001d10   0x00000032   Code   RO         2927    i.LCD_L0_DrawBitmap1BPP  guislim.o
    0x08001d42   0x08001d42   0x00000002   PAD
    0x08001d44   0x08001d44   0x00000090   Code   RO          163    i.MX_GPIO_Init      gpio.o
    0x08001dd4   0x08001dd4   0x0000006c   Code   RO          189    i.MX_TIM3_Init      tim.o
    0x08001e40   0x08001e40   0x00000038   Code   RO          231    i.MX_USART1_UART_Init  usart.o
    0x08001e78   0x08001e78   0x00000004   Code   RO          297    i.MemManage_Handler  stm32f1xx_it.o
    0x08001e7c   0x08001e7c   0x00000004   Code   RO          298    i.NMI_Handler       stm32f1xx_it.o
    0x08001e80   0x08001e80   0x00000034   Code   RO         3571    i.OLED_IIC_Ack      ssd1306_i2c.o
    0x08001eb4   0x08001eb4   0x00000068   Code   RO         3572    i.OLED_IIC_SendByte  ssd1306_i2c.o
    0x08001f1c   0x08001f1c   0x0000003c   Code   RO         3573    i.OLED_IIC_Start    ssd1306_i2c.o
    0x08001f58   0x08001f58   0x0000003c   Code   RO         3574    i.OLED_IIC_Stop     ssd1306_i2c.o
    0x08001f94   0x08001f94   0x00000002   Code   RO          299    i.PendSV_Handler    stm32f1xx_it.o
    0x08001f96   0x08001f96   0x00000002   PAD
    0x08001f98   0x08001f98   0x00000028   Code   RO         1601    i.RCC_Delay         stm32f1xx_hal_rcc.o
    0x08001fc0   0x08001fc0   0x0000005e   Code   RO         3436    i.SSD1306_DrawFilledRectangle  ssd1306.o
    0x0800201e   0x0800201e   0x0000014a   Code   RO         3438    i.SSD1306_DrawLine  ssd1306.o
    0x08002168   0x08002168   0x000000a0   Code   RO         3439    i.SSD1306_DrawPixel  ssd1306.o
    0x08002208   0x08002208   0x00000020   Code   RO         3442    i.SSD1306_Fill      ssd1306.o
    0x08002228   0x08002228   0x00000040   Code   RO         3447    i.SSD1306_UpdateScreen  ssd1306.o
    0x08002268   0x08002268   0x0000002e   Code   RO         3448    i.SSD1306_WriteByte  ssd1306.o
    0x08002296   0x08002296   0x00000040   Code   RO         3449    i.SSD1306_WriteMuliByte  ssd1306.o
    0x080022d6   0x080022d6   0x00000002   PAD
    0x080022d8   0x080022d8   0x00000104   Code   RO         3450    i.SSD1306_init      ssd1306.o
    0x080023dc   0x080023dc   0x00000002   Code   RO          300    i.SVC_Handler       stm32f1xx_it.o
    0x080023de   0x080023de   0x00000008   Code   RO          301    i.SysTick_Handler   stm32f1xx_it.o
    0x080023e6   0x080023e6   0x00000066   Code   RO           14    i.SystemClock_Config  main.o
    0x0800244c   0x0800244c   0x00000002   Code   RO         2795    i.SystemInit        system_stm32f1xx.o
    0x0800244e   0x0800244e   0x00000002   PAD
    0x08002450   0x08002450   0x0000009c   Code   RO          524    i.TIM_Base_SetConfig  stm32f1xx_hal_tim.o
    0x080024ec   0x080024ec   0x00000016   Code   RO          535    i.TIM_ETR_SetConfig  stm32f1xx_hal_tim.o
    0x08002502   0x08002502   0x00000012   Code   RO          536    i.TIM_ITRx_SetConfig  stm32f1xx_hal_tim.o
    0x08002514   0x08002514   0x00000026   Code   RO          542    i.TIM_TI1_ConfigInputStage  stm32f1xx_hal_tim.o
    0x0800253a   0x0800253a   0x00000028   Code   RO          544    i.TIM_TI2_ConfigInputStage  stm32f1xx_hal_tim.o
    0x08002562   0x08002562   0x00000002   PAD
    0x08002564   0x08002564   0x000000fc   Code   RO         2478    i.UART_SetConfig    stm32f1xx_hal_uart.o
    0x08002660   0x08002660   0x00000004   Code   RO          302    i.UsageFault_Handler  stm32f1xx_it.o
    0x08002664   0x08002664   0x00000012   Code   RO         2929    i._DispLine         guislim.o
    0x08002676   0x08002676   0x00000038   Code   RO         2930    i._DispLine_SJIS    guislim.o
    0x080026ae   0x080026ae   0x00000006   Code   RO         2933    i._GetCharSize      guislim.o
    0x080026b4   0x080026b4   0x00000046   Code   RO         2934    i._GetLineDistX_SJIS  guislim.o
    0x080026fa   0x080026fa   0x0000002a   Code   RO         2935    i._GetLineLen_SJIS  guislim.o
    0x08002724   0x08002724   0x00000028   Code   RO         3865    i.__0sprintf        mc_w.l(printfa.o)
    0x0800274c   0x0800274c   0x00000010   Code   RO         1908    i.__NVIC_GetPriorityGrouping  stm32f1xx_hal_cortex.o
    0x0800275c   0x0800275c   0x00000028   Code   RO         1909    i.__NVIC_SetPriority  stm32f1xx_hal_cortex.o
    0x08002784   0x08002784   0x0000000e   Code   RO         3934    i.__scatterload_copy  mc_w.l(handlers.o)
    0x08002792   0x08002792   0x00000002   Code   RO         3935    i.__scatterload_null  mc_w.l(handlers.o)
    0x08002794   0x08002794   0x0000000e   Code   RO         3936    i.__scatterload_zeroinit  mc_w.l(handlers.o)
    0x080027a2   0x080027a2   0x00000002   PAD
    0x080027a4   0x080027a4   0x00000184   Code   RO         3870    i._fp_digits        mc_w.l(printfa.o)
    0x08002928   0x08002928   0x000006b4   Code   RO         3871    i._printf_core      mc_w.l(printfa.o)
    0x08002fdc   0x08002fdc   0x00000024   Code   RO         3872    i._printf_post_padding  mc_w.l(printfa.o)
    0x08003000   0x08003000   0x0000002e   Code   RO         3873    i._printf_pre_padding  mc_w.l(printfa.o)
    0x0800302e   0x0800302e   0x0000000a   Code   RO         3875    i._sputc            mc_w.l(printfa.o)
    0x08003038   0x08003038   0x00000228   Code   RO           15    i.main              main.o
    0x08003260   0x08003260   0x00000012   Data   RO         1602    .constdata          stm32f1xx_hal_rcc.o
    0x08003272   0x08003272   0x00000018   Data   RO         2796    .constdata          system_stm32f1xx.o
    0x0800328a   0x0800328a   0x00000002   PAD
    0x0800328c   0x0800328c   0x0000061c   Data   RO         2828    .constdata          f08_ascii.o
    0x080038a8   0x080038a8   0x00000020   Data   RO         3932    Region$$Table       anon$$obj.o


    Execution Region RW_IRAM1 (Exec base: 0x20000000, Load base: 0x080038c8, Size: 0x000008e8, Max: 0x00010000, ABSOLUTE)

    Exec Addr    Load Addr    Size         Type   Attr      Idx    E Section Name        Object

    0x20000000   0x080038c8   0x0000001c   Data   RW           16    .data               main.o
    0x2000001c   0x080038e4   0x00000009   Data   RW         1438    .data               stm32f1xx_hal.o
    0x20000025   0x080038ed   0x00000003   PAD
    0x20000028   0x080038f0   0x00000004   Data   RW         2797    .data               system_stm32f1xx.o
    0x2000002c   0x080038f4   0x00000001   Data   RW         2939    .data               guislim.o
    0x2000002d   0x080038f5   0x00000001   PAD
    0x2000002e   0x080038f6   0x00000006   Data   RW         3452    .data               ssd1306.o
    0x20000034        -       0x00000048   Zero   RW          190    .bss                tim.o
    0x2000007c        -       0x00000048   Zero   RW          235    .bss                usart.o
    0x200000c4        -       0x00000020   Zero   RW         2938    .bss                guislim.o
    0x200000e4        -       0x00000400   Zero   RW         3451    .bss                ssd1306.o
    0x200004e4   0x080038fc   0x00000004   PAD
    0x200004e8        -       0x00000400   Zero   RW            1    STACK               startup_stm32f103xe.o


==============================================================================

Image component sizes


      Code (inc. data)   RO Data    RW Data    ZI Data      Debug   Object Name

         0          0       1564          0          0       8634   f08_ascii.o
       144         10          0          0          0        847   gpio.o
      1978         88          0          1         32      27697   guislim.o
       660        172          0         28          0     487806   main.o
      1050         22          0          6       1024      13904   ssd1306.o
       298         20          0          0          0       2332   ssd1306_i2c.o
        36          8        304          0       1024        784   startup_stm32f103xe.o
       192         36          0          9          0       6341   stm32f1xx_hal.o
       272         22          0          0          0      28666   stm32f1xx_hal_cortex.o
       844         40          0          0          0       2632   stm32f1xx_hal_gpio.o
        84          8          0          0          0        854   stm32f1xx_hal_msp.o
      1748         98         18          0          0       5816   stm32f1xx_hal_rcc.o
       644         22          0          0          0       5369   stm32f1xx_hal_tim.o
       156         22          0          0          0       1304   stm32f1xx_hal_tim_ex.o
       370          4          0          0          0       1712   stm32f1xx_hal_uart.o
        34          0          0          0          0       3746   stm32f1xx_it.o
         2          0         24          4          0       1059   system_stm32f1xx.o
       156         16          0          0         72       1538   tim.o
       192         24          0          0         72       3014   usart.o

    ----------------------------------------------------------------------
      8884        612       1944         52       2228     604055   Object Totals
         0          0         32          0          0          0   (incl. Generated)
        24          0          2          4          4          0   (incl. Padding)

    ----------------------------------------------------------------------

      Code (inc. data)   RO Data    RW Data    ZI Data      Debug   Library Member Name

         0          0          0          0          0          0   entry.o
         0          0          0          0          0          0   entry10a.o
         0          0          0          0          0          0   entry11a.o
         4          0          0          0          0          0   entry12b.o
         8          4          0          0          0          0   entry2.o
         4          0          0          0          0          0   entry5.o
         0          0          0          0          0          0   entry7b.o
         0          0          0          0          0          0   entry8b.o
         8          4          0          0          0          0   entry9a.o
        30          0          0          0          0          0   handlers.o
        36          8          0          0          0         68   init.o
         0          0          0          0          0          0   iusefp.o
        30          0          0          0          0         68   llshl.o
        36          0          0          0          0         68   llsshr.o
        32          0          0          0          0         68   llushr.o
        36          0          0          0          0        108   memseta.o
      2236         86          0          0          0        532   printfa.o
        44          0          0          0          0         80   uidiv.o
        98          0          0          0          0         92   uldiv.o
        48          0          0          0          0         68   cdrcmple.o
       334          0          0          0          0        148   dadd.o
       222          0          0          0          0        100   ddiv.o
       186          0          0          0          0        176   depilogue.o
        48          0          0          0          0         68   dfixul.o
       228          0          0          0          0         96   dmul.o
        38          0          0          0          0         68   f2d.o

    ----------------------------------------------------------------------
      3708        102          0          0          0       1808   Library Totals
         2          0          0          0          0          0   (incl. Padding)

    ----------------------------------------------------------------------

      Code (inc. data)   RO Data    RW Data    ZI Data      Debug   Library Name

      2602        102          0          0          0       1084   mc_w.l
      1104          0          0          0          0        724   mf_w.l

    ----------------------------------------------------------------------
      3708        102          0          0          0       1808   Library Totals

    ----------------------------------------------------------------------

==============================================================================


      Code (inc. data)   RO Data    RW Data    ZI Data      Debug   

     12592        714       1944         52       2228     600607   Grand Totals
     12592        714       1944         52       2228     600607   ELF Image Totals
     12592        714       1944         52          0          0   ROM Totals

==============================================================================

    Total RO  Size (Code + RO Data)                14536 (  14.20kB)
    Total RW  Size (RW Data + ZI Data)              2280 (   2.23kB)
    Total ROM Size (Code + RO Data + RW Data)      14588 (  14.25kB)

==============================================================================

